npm warn Unknown cli config "--run". This will stop working in the next major version of npm.
npm warn Unknown cli config "--reporter". This will stop working in the next major version of npm.

> complices-conecta-sw@3.4.0 test
> vitest


[1m[44m DEV [49m[22m [34mv3.2.4 [39m[90mC:/Users/conej/Documents/conecta-social-comunidad-main[39m

 [32mÔ£ô[39m src/tests/unit/roles.test.ts [2m([22m[2m14 tests[22m[2m)[22m[32m 13[2mms[22m[39m
 [32mÔ£ô[39m src/tests/unit/androidSecurity.test.ts [2m([22m[2m20 tests[22m[2m)[22m[32m 17[2mms[22m[39m
[90mstdout[2m | src/tests/unit/localStorage-migration.test.ts
[22m[39m[INFO] ­ƒöº Configuraci├│n de aplicaci├│n: {
  "mode": "production",
  "supabaseUrl": "Ô£à Configurada",
  "supabaseKey": "Ô£à Configurada"
}
[INFO] ­ƒÜÇ ComplicesConecta iniciado {
  "modo": "production"
}
[INFO] ­ƒöÉ Modo producci├│n activo - autenticaci├│n real requerida 
[INFO] ­ƒÅó Credenciales producci├│n: {
  "email": "complicesconectasw@outlook.es"
}

[90mstdout[2m | src/tests/unit/ProfileReportService.test.ts[2m > [22m[2mProfileReportService[2m > [22m[2mcreateProfileReport[2m > [22m[2mdeber├¡a crear un reporte exitosamente
[22m[39m
­ƒº¬ [TEST START] ProfileReportService - createProfileReport success

[90mstdout[2m | src/tests/unit/ProfileReportService.test.ts[2m > [22m[2mProfileReportService[2m > [22m[2mcreateProfileReport[2m > [22m[2mdeber├¡a crear un reporte exitosamente
[22m[39m
­ƒùä´©Å [SUPABASE MOCK] insert on profile_reports
­ƒôØ Data: {
  "reportedUserId": "reported-user-123",
  "reason": "harassment",
  "description": "Test description"
}

[90mstdout[2m | src/tests/unit/ProfileReportService.test.ts[2m > [22m[2mProfileReportService[2m > [22m[2mcreateProfileReport[2m > [22m[2mdeber├¡a crear un reporte exitosamente
[22m[39m
Ô£à [TEST END] ProfileReportService - createProfileReport success
­ƒôè Result: {
  "success": true,
  "data": {
    "id": "report-123"
  }
}

 [32mÔ£ô[39m src/tests/unit/ProfileReportService.test.ts [2m([22m[2m9 tests[22m[2m)[22m[32m 20[2mms[22m[39m
[90mstdout[2m | src/tests/unit/localStorage-migration.test.ts[2m > [22m[2mlocalStorage Migration Tests[2m > [22m[2mConfiguraci├│n de modo de aplicaci├│n[2m > [22m[2mdebe determinar correctamente el uso de Supabase real
[22m[39m[INFO] ­ƒöì shouldUseRealSupabase {
  "modo": "production",
  "demoAuth": null
}
[INFO] ­ƒÅó Modo producci├│n - usando Supabase real siempre 
[INFO] ­ƒöì shouldUseRealSupabase {
  "modo": "production",
  "demoAuth": null
}
[INFO] ­ƒÅó Modo producci├│n - usando Supabase real siempre 

[90mstdout[2m | src/tests/unit/localStorage-migration.test.ts[2m > [22m[2mlocalStorage Migration Tests[2m > [22m[2mManejo de sesiones demo[2m > [22m[2mdebe crear sesi├│n demo sin almacenar datos sensibles
[22m[39m[INFO] ÔØî Email no es credencial demo: {
  "email": "demo@example.com"
}

[90mstdout[2m | src/tests/unit/localStorage-migration.test.ts[2m > [22m[2mlocalStorage Migration Tests[2m > [22m[2mManejo de sesiones demo[2m > [22m[2mdebe limpiar correctamente sesiones demo
[22m[39m[INFO] ­ƒº╣ Sesi├│n demo limpiada 

[90mstdout[2m | src/tests/unit/localStorage-migration.test.ts[2m > [22m[2mlocalStorage Migration Tests[2m > [22m[2mCompatibilidad hacia atr├ís[2m > [22m[2mdebe manejar datos legacy sin romper la aplicaci├│n
[22m[39m[INFO] ­ƒöì shouldUseRealSupabase {
  "modo": "production",
  "demoAuth": null
}
[INFO] ­ƒÅó Modo producci├│n - usando Supabase real siempre 

[90mstdout[2m | src/tests/unit/localStorage-migration.test.ts[2m > [22m[2mlocalStorage Migration Tests[2m > [22m[2mCompatibilidad hacia atr├ís[2m > [22m[2mdebe migrar gradualmente sin p├®rdida de funcionalidad
[22m[39m[INFO] ­ƒöì shouldUseRealSupabase {
  "modo": "production",
  "demoAuth": null
}
[INFO] ­ƒÅó Modo producci├│n - usando Supabase real siempre 

 [32mÔ£ô[39m src/tests/unit/localStorage-migration.test.ts [2m([22m[2m14 tests[22m[2m)[22m[32m 13[2mms[22m[39m
 [32mÔ£ô[39m src/tests/unit/zod-validation.test.ts [2m([22m[2m19 tests[22m[2m)[22m[32m 22[2mms[22m[39m
 [32mÔ£ô[39m src/tests/unit/profiles.test.ts [2m([22m[2m24 tests[22m[2m)[22m[32m 31[2mms[22m[39m
 [32mÔ£ô[39m src/tests/unit/performance.test.ts [2m([22m[2m13 tests[22m[2m)[22m[33m 1393[2mms[22m[39m
   [33m[2mÔ£ô[22m[39m Integration Performance Tests[2m > [22mshould maintain performance under load [33m 622[2mms[22m[39m
 [2m[90mÔåô[39m[22m src/tests/unit/PushNotificationService.test.ts [2m([22m[2m14 tests[22m[2m | [22m[33m14 skipped[39m[2m)[22m
 [32mÔ£ô[39m src/tests/unit/ReportService.test.ts [2m([22m[2m10 tests[22m[2m)[22m[32m 15[2mms[22m[39m
 [32mÔ£ô[39m src/tests/unit/mobile.test.ts [2m([22m[2m17 tests[22m[2m)[22m[32m 16[2mms[22m[39m
stderr | src/tests/unit/invitations.test.ts > Invitations System > sendInvitation > should send a gallery invitation successfully
[ERROR] ÔØî Error en sendInvitation: {
  "error": "Mock Supabase error"
}

stderr | src/tests/unit/invitations.test.ts > Invitations System > sendInvitation > should send a chat invitation successfully
[ERROR] ÔØî Error en sendInvitation: {
  "error": "Mock Supabase error"
}

stderr | src/tests/unit/invitations.test.ts > Invitations System > respondInvitation > should accept an invitation successfully
[ERROR] ÔØî Error en sendInvitation: {
  "error": "Mock Supabase error"
}

stderr | src/tests/unit/invitations.test.ts > Invitations System > respondInvitation > should accept an invitation successfully
[ERROR] ÔØî Error en acceptInvitation: {
  "error": "Mock Supabase error"
}

stderr | src/tests/unit/invitations.test.ts > Invitations System > respondInvitation > should reject an invitation successfully
[ERROR] ÔØî Error en sendInvitation: {
  "error": "Mock Supabase error"
}

stderr | src/tests/unit/invitations.test.ts > Invitations System > respondInvitation > should reject an invitation successfully
[ERROR] ÔØî Error en declineInvitation: {
  "error": "Mock Supabase error"
}

stderr | src/tests/unit/invitations.test.ts > Invitations System > hasGalleryAccess > should return false when no access granted
[ERROR] ÔØî Error en hasGalleryAccess: {
  "error": "Mock Supabase error"
}

stderr | src/tests/unit/invitations.test.ts > Invitations System > hasGalleryAccess > should return true after accepting gallery invitation
[ERROR] ÔØî Error en hasGalleryAccess: {
  "error": "Mock Supabase error"
}

stderr | src/tests/unit/invitations.test.ts > Invitations System > hasChatAccess > should return false when no access granted
[ERROR] ÔØî Error en hasChatAccess: {
  "error": "Mock Supabase error"
}

stderr | src/tests/unit/invitations.test.ts > Invitations System > hasChatAccess > should return true after accepting chat invitation
[ERROR] ÔØî Error en sendInvitation: {
  "error": "Mock Supabase error"
}

stderr | src/tests/unit/invitations.test.ts > Invitations System > hasChatAccess > should return true after accepting chat invitation
[ERROR] ÔØî Error en acceptInvitation: {
  "error": "Mock Supabase error"
}

stderr | src/tests/unit/invitations.test.ts > Invitations System > hasChatAccess > should return true after accepting chat invitation
[WARN] ÔÜá´©Å UUIDs inv├ílidos para hasChatAccess, usando fallback: {
  "user1": "user2",
  "user2": "user1"
}

stderr | src/tests/unit/invitations.test.ts > Invitations System > getInvitations > should return empty arrays for new user
[ERROR] ÔØî Error en getInvitations: {
  "error": "Mock Supabase error"
}

stderr | src/tests/unit/invitations.test.ts > Invitations System > getInvitations > should return received invitations
[ERROR] ÔØî Error en getInvitations: {
  "error": "Mock Supabase error"
}

stderr | src/tests/unit/invitations.test.ts > Invitations System > getInvitations > should return sent invitations
[ERROR] ÔØî Error en getInvitations: {
  "error": "Mock Supabase error"
}

 [32mÔ£ô[39m src/tests/unit/invitations.test.ts [2m([22m[2m11 tests[22m[2m)[22m[32m 30[2mms[22m[39m
 [32mÔ£ô[39m src/tests/unit/TokenAnalyticsService.test.ts [2m([22m[2m7 tests[22m[2m)[22m[32m 180[2mms[22m[39m
 [32mÔ£ô[39m src/tests/unit/auth.test.ts [2m([22m[2m8 tests[22m[2m)[22m[32m 50[2mms[22m[39m
[90mstdout[2m | src/tests/unit/emailService.test.ts[2m > [22m[2mEmailService - Variables de Entorno[2m > [22m[2mdebe enviar email de confirmaci├│n con template correcto
[22m[39m­ƒô¿ Enviando email con template: confirmation a test@example.com

[90mstdout[2m | src/tests/unit/emailService.test.ts[2m > [22m[2mEmailService - Variables de Entorno[2m > [22m[2mdebe enviar email de confirmaci├│n con template correcto
[22m[39mÔ£à Email enviado exitosamente con template: confirmation

[90mstdout[2m | src/tests/unit/emailService.test.ts[2m > [22m[2mEmailService - Variables de Entorno[2m > [22m[2mdebe enviar email de confirmaci├│n con template correcto
[22m[39m­ƒô¿ Email enviado usando template: confirmation

[90mstdout[2m | src/tests/unit/emailService.test.ts[2m > [22m[2mEmailService - Variables de Entorno[2m > [22m[2mdebe enviar email de reset con template correcto
[22m[39m­ƒöÉ Enviando email de reset de contrase├▒a a test@example.com
­ƒô¿ Enviando email con template: reset-password a test@example.com

[90mstdout[2m | src/tests/unit/emailService.test.ts[2m > [22m[2mEmailService - Variables de Entorno[2m > [22m[2mdebe enviar email de reset con template correcto
[22m[39mÔ£à Email enviado exitosamente con template: reset-password

[90mstdout[2m | src/tests/unit/emailService.test.ts[2m > [22m[2mEmailService - Variables de Entorno[2m > [22m[2mdebe manejar errores de Edge Function correctamente
[22m[39m­ƒô¿ Enviando email con template: confirmation a test@example.com

stderr | src/tests/unit/emailService.test.ts > EmailService - Variables de Entorno > debe manejar errores de Edge Function correctamente
[ERROR] ÔØî Error HTTP en send-email: 500 
[ERROR] ÔØî Error enviando email con template confirmation: {
  "error": {}
}

 [32mÔ£ô[39m src/tests/unit/emailService.test.ts [2m([22m[2m5 tests[22m[2m)[22m[32m 25[2mms[22m[39m
 [32mÔ£ô[39m src/tests/unit/PerformanceMonitoringService.test.ts [2m([22m[2m12 tests[22m[2m)[22m[32m 13[2mms[22m[39m
stderr | src/tests/unit/ProfileReportsPanel.test.tsx > ProfileReportsPanel > deber├¡a mostrar spinner de carga inicialmente
Warning: An update to ProfileReportsPanel inside a test was not wrapped in act(...).

When testing, code that causes React state updates should be wrapped into act(...):

act(() => {
  /* fire events that update state */
});
/* assert on the output */

This ensures that you're testing the behavior the user would see in the browser. Learn more at https://reactjs.org/link/wrap-tests-with-act
    at ProfileReportsPanel (C:\Users\conej\Documents\conecta-social-comunidad-main\src\components\admin\ProfileReportsPanel.tsx:27:67)
Warning: An update to ProfileReportsPanel inside a test was not wrapped in act(...).

When testing, code that causes React state updates should be wrapped into act(...):

act(() => {
  /* fire events that update state */
});
/* assert on the output */

This ensures that you're testing the behavior the user would see in the browser. Learn more at https://reactjs.org/link/wrap-tests-with-act
    at ProfileReportsPanel (C:\Users\conej\Documents\conecta-social-comunidad-main\src\components\admin\ProfileReportsPanel.tsx:27:67)

 [32mÔ£ô[39m src/tests/unit/matching.test.ts [2m([22m[2m6 tests[22m[2m)[22m[32m 8[2mms[22m[39m
stderr | src/tests/unit/ProfileReportsPanel.test.tsx > ProfileReportsPanel > deber├¡a manejar errores al cargar reportes
Warning: An update to ProfileReportsPanel inside a test was not wrapped in act(...).

When testing, code that causes React state updates should be wrapped into act(...):

act(() => {
  /* fire events that update state */
});
/* assert on the output */

This ensures that you're testing the behavior the user would see in the browser. Learn more at https://reactjs.org/link/wrap-tests-with-act
    at ProfileReportsPanel (C:\Users\conej\Documents\conecta-social-comunidad-main\src\components\admin\ProfileReportsPanel.tsx:27:67)

[90mstdout[2m | src/tests/unit/ProfileReportsPanel.test.tsx[2m > [22m[2mProfileReportsPanel[2m > [22m[2mdeber├¡a llamar a los servicios correctos al montar
[22m[39m
­ƒº¬ [TEST START] ProfileReportsPanel - service calls on mount

[90mstdout[2m | src/tests/unit/ProfileReportsPanel.test.tsx[2m > [22m[2mProfileReportsPanel[2m > [22m[2mdeber├¡a llamar a los servicios correctos al montar
[22m[39m
­ƒöì [MOCK VERIFY] getPendingProfileReports
­ƒô× Expected: 1, Actual: 0
ÔØî Verification: FAILED
­ƒôï Available mocks: []

Ô£à [TEST END] ProfileReportsPanel - service calls on mount

 [32mÔ£ô[39m src/tests/unit/ProfileReportsPanel.test.tsx [2m([22m[2m5 tests[22m[2m)[22m[32m 166[2mms[22m[39m
 [32mÔ£ô[39m src/tests/unit/realtime-chat.test.ts [2m([22m[2m6 tests[22m[2m)[22m[32m 12[2mms[22m[39m
 [32mÔ£ô[39m src/tests/unit/useToast.test.ts [2m([22m[2m4 tests[22m[2m)[22m[32m 32[2mms[22m[39m
stderr | src/tests/unit/webVitals.test.ts
web-vitals not available: Error: [vitest] There was an error when mocking a module. If you are using "vi.mock" factory, make sure there are no top level variables inside, since this call is hoisted to top of the file. Read more: https://vitest.dev/api/vi.html#vi-mock
    at ManualMockedModule.resolve (file:///C:/Users/conej/Documents/conecta-social-comunidad-main/node_modules/@vitest/mocker/dist/chunk-registry.js:160:24)
    at VitestMocker.callFunctionMock (file:///C:/Users/conej/Documents/conecta-social-comunidad-main/node_modules/vitest/dist/chunks/execute.B7h3T_Hc.js:322:30)
    ... 5 lines matching cause stack trace ...
    at WebVitalsMonitor.init (C:\Users\conej\Documents\conecta-social-comunidad-main\src\utils\webVitals.ts:149:59)
    at C:\Users\conej\Documents\conecta-social-comunidad-main\src\tests\unit\webVitals.test.ts:67:9 {
  cause: Error: Module not found
      at C:\Users\conej\Documents\conecta-social-comunidad-main\src\tests\unit\webVitals.test.ts:61:15
      at ManualMockedModule.factory (file:///C:/Users/conej/Documents/conecta-social-comunidad-main/node_modules/vitest/dist/chunks/vi.bdSIJ99Y.js:3913:78)
      at ManualMockedModule.resolve (file:///C:/Users/conej/Documents/conecta-social-comunidad-main/node_modules/@vitest/mocker/dist/chunk-registry.js:158:25)
      at VitestMocker.callFunctionMock (file:///C:/Users/conej/Documents/conecta-social-comunidad-main/node_modules/vitest/dist/chunks/execute.B7h3T_Hc.js:322:30)
      at VitestMocker.requestWithMock (file:///C:/Users/conej/Documents/conecta-social-comunidad-main/node_modules/vitest/dist/chunks/execute.B7h3T_Hc.js:433:22)
      at VitestExecutor.dependencyRequest (file:///C:/Users/conej/Documents/conecta-social-comunidad-main/node_modules/vitest/dist/chunks/execute.B7h3T_Hc.js:692:36)
      at request (file:///C:/Users/conej/Documents/conecta-social-comunidad-main/node_modules/vite-node/dist/client.mjs:264:16)
      at processTicksAndRejections (node:internal/process/task_queues:95:5)
      at getWebVitals (C:\Users\conej\Documents\conecta-social-comunidad-main\src\utils\webVitals.ts:7:23)
      at WebVitalsMonitor.init (C:\Users\conej\Documents\conecta-social-comunidad-main\src\utils\webVitals.ts:149:59)
}

 [32mÔ£ô[39m src/tests/unit/webVitals.test.ts [2m([22m[2m6 tests[22m[2m)[22m[32m 14[2mms[22m[39m
stderr | src/tests/unit/profile-cache.test.ts > Profile Cache Tests > useUpdateProfile Hook > debe manejar errores de actualizaci├│n
[ERROR] ÔØî Error actualizando perfil: {}

[90mstdout[2m | src/tests/unit/profile-cache.test.ts[2m > [22m[2mProfile Cache Tests[2m > [22m[2mCache Management[2m > [22m[2mdebe limpiar cache correctamente
[22m[39m[INFO] ­ƒº╣ Cache de perfiles limpiado completamente 
[INFO] ­ƒº╣ Cache de perfil espec├¡fico limpiado: {
  "userId": "test-id"
}
[INFO] ­ƒº╣ Cache de listas de perfiles limpiado 

 [32mÔ£ô[39m src/tests/unit/profile-cache.test.ts [2m([22m[2m15 tests[22m[2m)[22m[33m 3800[2mms[22m[39m
   [33m[2mÔ£ô[22m[39m Profile Cache Tests[2m > [22museProfile Hook[2m > [22mdebe manejar errores de carga correctamente [33m 3069[2mms[22m[39m

[2m Test Files [22m [1m[32m20 passed[39m[22m[2m | [22m[33m1 skipped[39m[90m (21)[39m
[2m      Tests [22m [1m[32m225 passed[39m[22m[2m | [22m[33m14 skipped[39m[90m (239)[39m
[2m   Start at [22m 03:19:18
[2m   Duration [22m 9.32s[2m (transform 2.50s, setup 28.10s, collect 4.25s, tests 5.87s, environment 19.54s, prepare 7.26s)[22m

[1m[42m PASS [49m[22m [32mWaiting for file changes...[39m
       [2mpress [22m[1mh[22m[2m to show help[22m[2m, [22m[2mpress [22m[1mq[22m[2m to quit[22m
c[3J[1m[44m RERUN [49m[22m [34m[2mrerun all tests [22m[39m

 [2m[90mÔåô[39m[22m src/tests/unit/ProfileReportsPanel.test.tsx [2m([22m[2m5 tests[22m[2m)[22m
 [2m[90mÔåô[39m[22m src/tests/unit/performance.test.ts [2m([22m[2m13 tests[22m[2m)[22m
 [2m[90mÔåô[39m[22m src/tests/unit/useToast.test.ts [2m([22m[2m4 tests[22m[2m)[22m
 [2m[90mÔåô[39m[22m src/tests/unit/invitations.test.ts [2m([22m[2m11 tests[22m[2m)[22m
 [2m[90mÔåô[39m[22m src/tests/unit/TokenAnalyticsService.test.ts [2m([22m[2m7 tests[22m[2m)[22m
 [2m[90mÔåô[39m[22m src/tests/unit/profile-cache.test.ts [2m([22m[2m15 tests[22m[2m)[22m
 [2m[90mÔåô[39m[22m src/tests/unit/profiles.test.ts [2m([22m[2m24 tests[22m[2m)[22m
 [2m[90mÔåô[39m[22m src/tests/unit/auth.test.ts [2m([22m[2m8 tests[22m[2m)[22m

[2m Test Files [22m [33m8 skipped[39m[90m (21)[39m
[2m      Tests [22m [90m (87)[39m
[2m   Start at [22m 03:20:13
[2m   Duration [22m 3.13s

[1m[41m CANCELLED [49m[22m [31mTest run cancelled. Watching for file changes...[39m
       [2mpress [22m[1mh[22m[2m to show help[22m[2m, [22m[2mpress [22m[1mq[22m[2m to quit[22m
[36m?[39m [1mInput test name pattern (RegExp)[22m ÔÇ║ [1G[J[36m?[39m [1mInput test name pattern (RegExp)[22m ÔÇ║ askkill /F /IM node.exe /T 2>$null; Start-Sleep -
Pattern matches 83 results
[2m ÔÇ║ debe cargar perfil desde Supabase correctamente[22m
[2m ÔÇ║ debe manejar errores de carga correctamente[22m
[2m ÔÇ║ debe retornar null cuando userId es null[22m
[2m ÔÇ║ debe usar cache correctamente[22m
[2m ÔÇ║ debe cargar m├║ltiples perfiles con filtros[22m
[2m ÔÇ║ debe aplicar filtros de edad correctamente[22m
[2m ÔÇ║ debe actualizar perfil y invalidar cache[22m
[2m ÔÇ║ debe manejar errores de actualizaci├│n[22m
[2m ÔÇ║ debe crear nuevo perfil correctamente[22m
[2m ÔÇ║ debe limpiar cache correctamente[22m
[2m   ...and 73 more results[22m[13A[87G[1G[J[36m?[39m [1mInput test name pattern (RegExp)[22m ÔÇ║ askkill /F /IM node.exe /T 2>$null; Start-Sleep -
Pattern matches 11 results
[2m ÔÇ║ debe cargar perfil desde Supabase correctamente[22m
[2m ÔÇ║ debe manejar m├║ltiples llamadas concurrentes[22m
[2m ÔÇ║ debe generar perfiles ├║nicos en m├║ltiples llamadas[22m
[2m ÔÇ║ debe tener edades v├ílidas para ambos miembros[22m
[2m ÔÇ║ debe incluir nombres de pareja realistas[22m
[2m ÔÇ║ debe inferir perfil masculino por nombre[22m
[2m ÔÇ║ debe seleccionar imagen para perfil masculino[22m
[2m ÔÇ║ debe usar ubicaciones mexicanas v├ílidas[22m
[2m ÔÇ║ should call toast function with correct parameters[22m
[2m ÔÇ║ should handle success toast[22m
[2m   ...and 1 more result[22m[13A[87G[1G[J[36m?[39m [1mInput test name pattern (RegExp)[22m ÔÇ║ askkill /F /IM node.exe /T 2>$null; Start-Sleep -
Pattern matches no results[2A[87G[1G[J[36m?[39m [1mInput test name pattern (RegExp)[22m ÔÇ║ askkill /F /IM node.exe /T 2>$null; Start-Sleep -
Pattern matches no results[2A[87G[1G[J[36m?[39m [1mInput test name pattern (RegExp)[22m ÔÇ║ askkill /F /IM node.exe /T 2>$null; Start-Sleep -
Pattern matches no results[2A[87G[1G[J[36m?[39m [1mInput test name pattern (RegExp)[22m ÔÇ║ askkill /F /IM node.exe /T 2>$null; Start-Sleep -
Pattern matches no results[2A[87G[1G[J[36m?[39m [1mInput test name pattern (RegExp)[22m ÔÇ║ askkill /F /IM node.exe /T 2>$null; Start-Sleep -
Pattern matches no results[2A[87G[1G[J[36m?[39m [1mInput test name pattern (RegExp)[22m ÔÇ║ askkill /F /IM node.exe /T 2>$null; Start-Sleep -
Pattern matches no results[2A[87G[1G[J[36m?[39m [1mInput test name pattern (RegExp)[22m ÔÇ║ askkill /F /IM node.exe /T 2>$null; Start-Sleep -
Pattern matches no results[2A[87G[1G[J[36m?[39m [1mInput test name pattern (RegExp)[22m ÔÇ║ askkill /F /IM node.exe /T 2>$null; Start-Sleep -
Pattern matches no results[2A[87G[1G[J[36m?[39m [1mInput test name pattern (RegExp)[22m ÔÇ║ askkill /F /IM node.exe /T 2>$null; Start-Sleep -
Pattern matches no results[2A[87G[1G[J[36m?[39m [1mInput test name pattern (RegExp)[22m ÔÇ║ askkill /F /IM node.exe /T 2>$null; Start-Sleep -
Pattern matches no results[2A[87G[1G[J[36m?[39m [1mInput test name pattern (RegExp)[22m ÔÇ║ askkill /F /IM node.exe /T 2>$null; Start-Sleep -
Pattern matches no results[2A[87G[1G[J[36m?[39m [1mInput test name pattern (RegExp)[22m ÔÇ║ askkill /F /IM node.exe /T 2>$null; Start-Sleep -
Pattern matches no results[2A[87G[1G[J[36m?[39m [1mInput test name pattern (RegExp)[22m ÔÇ║ askkill /F /IM node.exe /T 2>$null; Start-Sleep -
Pattern matches no results[2A[87G[1G[J[36m?[39m [1mInput test name pattern (RegExp)[22m ÔÇ║ askkill /F /IM node.exe /T 2>$null; Start-Sleep -
Pattern matches no results[2A[87G[1G[J[36m?[39m [1mInput test name pattern (RegExp)[22m ÔÇ║ askkill /F /IM node.exe /T 2>$null; Start-Sleep -
Pattern matches no results[2A[87G[1G[J[36m?[39m [1mInput test name pattern (RegExp)[22m ÔÇ║ askkill /F /IM node.exe /T 2>$null; Start-Sleep -
Pattern matches no results[2A[87G[1G[J[36m?[39m [1mInput test name pattern (RegExp)[22m ÔÇ║ askkill /F /IM node.exe /T 2>$null; Start-Sleep -
Pattern matches no results[2A[87G[1G[J[36m?[39m [1mInput test name pattern (RegExp)[22m ÔÇ║ askkill /F /IM node.exe /T 2>$null; Start-Sleep -
Pattern matches no results[2A[87G[1G[J[36m?[39m [1mInput test name pattern (RegExp)[22m ÔÇ║ askkill /F /IM node.exe /T 2>$null; Start-Sleep -
Pattern matches no results[2A[87G[1G[J[36m?[39m [1mInput test name pattern (RegExp)[22m ÔÇ║ askkill /F /IM node.exe /T 2>$null; Start-Sleep -
Pattern matches no results[2A[87G[1G[J[36m?[39m [1mInput test name pattern (RegExp)[22m ÔÇ║ askkill /F /IM node.exe /T 2>$null; Start-Sleep -
Pattern matches no results[2A[87G[1G[J[36m?[39m [1mInput test name pattern (RegExp)[22m ÔÇ║ askkill /F /IM node.exe /T 2>$null; Start-Sleep -
Pattern matches no results[2A[87G[1G[J[36m?[39m [1mInput test name pattern (RegExp)[22m ÔÇ║ askkill /F /IM node.exe /T 2>$null; Start-Sleep -
Pattern matches no results[2A[87G[1G[J[36m?[39m [1mInput test name pattern (RegExp)[22m ÔÇ║ askkill /F /IM node.exe /T 2>$null; Start-Sleep -
Pattern matches no results[2A[87G[1G[J[36m?[39m [1mInput test name pattern (RegExp)[22m ÔÇ║ askkill /F /IM node.exe /T 2>$null; Start-Sleep -
Pattern matches no results[2A[87G[1G[J[36m?[39m [1mInput test name pattern (RegExp)[22m ÔÇ║ askkill /F /IM node.exe /T 2>$null; Start-Sleep -
Pattern matches no results[2A[87G[1G[J[36m?[39m [1mInput test name pattern (RegExp)[22m ÔÇ║ askkill /F /IM node.exe /T 2>$null; Start-Sleep -
Pattern matches no results[2A[87G[1G[J[36m?[39m [1mInput test name pattern (RegExp)[22m ÔÇ║ askkill /F /IM node.exe /T 2>$null; Start-Sleep -
Pattern matches no results[2A[87G[1G[J[36m?[39m [1mInput test name pattern (RegExp)[22m ÔÇ║ askkill /F /IM node.exe /T 2>$null; Start-Sleep -
Pattern matches no results[2A[87G[1G[J[36m?[39m [1mInput test name pattern (RegExp)[22m ÔÇ║ askkill /F /IM node.exe /T 2>$null; Start-Sleep -
Pattern matches no results[2A[87G[1G[J[36m?[39m [1mInput test name pattern (RegExp)[22m ÔÇ║ askkill /F /IM node.exe /T 2>$null; Start-Sleep -
Pattern matches no results[2A[87G[1G[J[36m?[39m [1mInput test name pattern (RegExp)[22m ÔÇ║ askkill /F /IM node.exe /T 2>$null; Start-Sleep -
Pattern matches no results[2A[87G[1G[J[36m?[39m [1mInput test name pattern (RegExp)[22m ÔÇ║ askkill /F /IM node.exe /T 2>$null; Start-Sleep -
Pattern matches no results[2A[87G[1G[J[36m?[39m [1mInput test name pattern (RegExp)[22m ÔÇ║ askkill /F /IM node.exe /T 2>$null; Start-Sleep -
Pattern matches no results[2A[87G[1G[J[36m?[39m [1mInput test name pattern (RegExp)[22m ÔÇ║ askkill /F /IM node.exe /T 2>$null; Start-Sleep -
Pattern matches no results[2A[87G[1G[J[36m?[39m [1mInput test name pattern (RegExp)[22m ÔÇ║ askkill /F /IM node.exe /T 2>$null; Start-Sleep -
Pattern matches no results[2A[87G[1G[J[36m?[39m [1mInput test name pattern (RegExp)[22m ÔÇ║ askkill /F /IM node.exe /T 2>$null; Start-Sleep -
Pattern matches no results[2A[87G[1G[J[36m?[39m [1mInput test name pattern (RegExp)[22m ÔÇ║ askkill /F /IM node.exe /T 2>$null; Start-Sleep -
Pattern matches no results[2A[87G[1G[J[36m?[39m [1mInput test name pattern (RegExp)[22m ÔÇ║ askkill /F /IM node.exe /T 2>$null; Start-Sleep -
Pattern matches no results[2A[87G[1G[J[36m?[39m [1mInput test name pattern (RegExp)[22m ÔÇ║ askkill /F /IM node.exe /T 2>$null; Start-Sleep -
Pattern matches no results[2A[87G[1G[J[36m?[39m [1mInput test name pattern (RegExp)[22m ÔÇ║ askkill /F /IM node.exe /T 2>$null; Start-Sleep -
Pattern matches no results[2A[87G[1G[J[36m?[39m [1mInput test name pattern (RegExp)[22m ÔÇ║ askkill /F /IM node.exe /T 2>$null; Start-Sleep -
Pattern matches no results[2A[87G[1G[J[36m?[39m [1mInput test name pattern (RegExp)[22m ÔÇ║ askkill /F /IM node.exe /T 2>$null; Start-Sleep -
Pattern matches no results[2A[87G[1G[J[36m?[39m [1mInput test name pattern (RegExp)[22m ÔÇ║ askkill /F /IM node.exe /T 2>$null; Start-Sleep -
Pattern matches no results[2A[87G[1G[J[36m?[39m [1mInput test name pattern (RegExp)[22m ÔÇ║ askkill /F /IM node.exe /T 2>$null; Start-Sleep -
Pattern matches no results[2A[87G[1G[J[36m?[39m [1mInput test name pattern (RegExp)[22m ÔÇ║ askkill /F /IM node.exe /T 2>$null; Start-Sleep -
Pattern matches no results[2A[87G[1G[J[36m?[39m [1mInput test name pattern (RegExp)[22m ÔÇ║ askkill /F /IM node.exe /T 2>$null; Start-Sleep -
Pattern matches no results[2A[87G[1G[J[36m?[39m [1mInput test name pattern (RegExp)[22m ÔÇ║ askkill /F /IM node.exe /T 2>$null; Start-Sleep -Seconds 3; if (Test-Path test-results.txt) { Get-C
Pattern matches no results[2A[137G[1G[J[36m?[39m [1mInput test name pattern (RegExp)[22m ÔÇ║ askkill /F /IM node.exe /T 2>$null; Start-Sleep -Seconds 3; if (Test-Path test-results.txt) { Get-C
Pattern matches no results[2A[137G[1G[J[36m?[39m [1mInput test name pattern (RegExp)[22m ÔÇ║ askkill /F /IM node.exe /T 2>$null; Start-Sleep -Seconds 3; if (Test-Path test-results.txt) { Get-C
Pattern matches no results[2A[137G[1G[J[36m?[39m [1mInput test name pattern (RegExp)[22m ÔÇ║ askkill /F /IM node.exe /T 2>$null; Start-Sleep -Seconds 3; if (Test-Path test-results.txt) { Get-C
Pattern matches no results[2A[137G[1G[J[36m?[39m [1mInput test name pattern (RegExp)[22m ÔÇ║ askkill /F /IM node.exe /T 2>$null; Start-Sleep -Seconds 3; if (Test-Path test-results.txt) { Get-C
Pattern matches no results[2A[137G[1G[J[36m?[39m [1mInput test name pattern (RegExp)[22m ÔÇ║ askkill /F /IM node.exe /T 2>$null; Start-Sleep -Seconds 3; if (Test-Path test-results.txt) { Get-C
Pattern matches no results[2A[137G[1G[J[36m?[39m [1mInput test name pattern (RegExp)[22m ÔÇ║ askkill /F /IM node.exe /T 2>$null; Start-Sleep -Seconds 3; if (Test-Path test-results.txt) { Get-C
Pattern matches no results[2A[137G[1G[J[36m?[39m [1mInput test name pattern (RegExp)[22m ÔÇ║ askkill /F /IM node.exe /T 2>$null; Start-Sleep -Seconds 3; if (Test-Path test-results.txt) { Get-C
Pattern matches no results[2A[137G[1G[J[36m?[39m [1mInput test name pattern (RegExp)[22m ÔÇ║ askkill /F /IM node.exe /T 2>$null; Start-Sleep -Seconds 3; if (Test-Path test-results.txt) { Get-C
Pattern matches no results[2A[137G[1G[J[36m?[39m [1mInput test name pattern (RegExp)[22m ÔÇ║ askkill /F /IM node.exe /T 2>$null; Start-Sleep -Seconds 3; if (Test-Path test-results.txt) { Get-C
Pattern matches no results[2A[137G[1G[J[36m?[39m [1mInput test name pattern (RegExp)[22m ÔÇ║ askkill /F /IM node.exe /T 2>$null; Start-Sleep -Seconds 3; if (Test-Path test-results.txt) { Get-C
Pattern matches no results[2A[137G[1G[J[36m?[39m [1mInput test name pattern (RegExp)[22m ÔÇ║ askkill /F /IM node.exe /T 2>$null; Start-Sleep -Seconds 3; if (Test-Path test-results.txt) { Get-C
Pattern matches no results[2A[137G[1G[J[36m?[39m [1mInput test name pattern (RegExp)[22m ÔÇ║ askkill /F /IM node.exe /T 2>$null; Start-Sleep -Seconds 3; if (Test-Path test-results.txt) { Get-C
Pattern matches no results[2A[137G[1G[J[36m?[39m [1mInput test name pattern (RegExp)[22m ÔÇ║ askkill /F /IM node.exe /T 2>$null; Start-Sleep -Seconds 3; if (Test-Path test-results.txt) { Get-C
Pattern matches no results[2A[137G[1G[J[36m?[39m [1mInput test name pattern (RegExp)[22m ÔÇ║ askkill /F /IM node.exe /T 2>$null; Start-Sleep -Seconds 3; if (Test-Path test-results.txt) { Get-C
Pattern matches no results[2A[137G[1G[J[36m?[39m [1mInput test name pattern (RegExp)[22m ÔÇ║ askkill /F /IM node.exe /T 2>$null; Start-Sleep -Seconds 3; if (Test-Path test-results.txt) { Get-C
Pattern matches no results[2A[137G[1G[J[36m?[39m [1mInput test name pattern (RegExp)[22m ÔÇ║ askkill /F /IM node.exe /T 2>$null; Start-Sleep -Seconds 3; if (Test-Path test-results.txt) { Get-C
Pattern matches no results[2A[137G[1G[J[36m?[39m [1mInput test name pattern (RegExp)[22m ÔÇ║ askkill /F /IM node.exe /T 2>$null; Start-Sleep -Seconds 3; if (Test-Path test-results.txt) { Get-C
Pattern matches no results[2A[137G[1G[J[36m?[39m [1mInput test name pattern (RegExp)[22m ÔÇ║ askkill /F /IM node.exe /T 2>$null; Start-Sleep -Seconds 3; if (Test-Path test-results.txt) { Get-C
Pattern matches no results[2A[137G[1G[J[36m?[39m [1mInput test name pattern (RegExp)[22m ÔÇ║ askkill /F /IM node.exe /T 2>$null; Start-Sleep -Seconds 3; if (Test-Path test-results.txt) { Get-C
Pattern matches no results[2A[137G[1G[J[36m?[39m [1mInput test name pattern (RegExp)[22m ÔÇ║ askkill /F /IM node.exe /T 2>$null; Start-Sleep -Seconds 3; if (Test-Path test-results.txt) { Get-C
Pattern matches no results[2A[137G[1G[J[36m?[39m [1mInput test name pattern (RegExp)[22m ÔÇ║ askkill /F /IM node.exe /T 2>$null; Start-Sleep -Seconds 3; if (Test-Path test-results.txt) { Get-C
Pattern matches no results[2A[137G[1G[J[36m?[39m [1mInput test name pattern (RegExp)[22m ÔÇ║ askkill /F /IM node.exe /T 2>$null; Start-Sleep -Seconds 3; if (Test-Path test-results.txt) { Get-C
Pattern matches no results[2A[137G[1G[J[36m?[39m [1mInput test name pattern (RegExp)[22m ÔÇ║ askkill /F /IM node.exe /T 2>$null; Start-Sleep -Seconds 3; if (Test-Path test-results.txt) { Get-C
Pattern matches no results[2A[137G[1G[J[36m?[39m [1mInput test name pattern (RegExp)[22m ÔÇ║ askkill /F /IM node.exe /T 2>$null; Start-Sleep -Seconds 3; if (Test-Path test-results.txt) { Get-C
Pattern matches no results[2A[137G[1G[J[36m?[39m [1mInput test name pattern (RegExp)[22m ÔÇ║ askkill /F /IM node.exe /T 2>$null; Start-Sleep -Seconds 3; if (Test-Path test-results.txt) { Get-C
Pattern matches no results[2A[137G[1G[J[36m?[39m [1mInput test name pattern (RegExp)[22m ÔÇ║ askkill /F /IM node.exe /T 2>$null; Start-Sleep -Seconds 3; if (Test-Path test-results.txt) { Get-C
Pattern matches no results[2A[137G[1G[J[36m?[39m [1mInput test name pattern (RegExp)[22m ÔÇ║ askkill /F /IM node.exe /T 2>$null; Start-Sleep -Seconds 3; if (Test-Path test-results.txt) { Get-C
Pattern matches no results[2A[137G[1G[J[36m?[39m [1mInput test name pattern (RegExp)[22m ÔÇ║ askkill /F /IM node.exe /T 2>$null; Start-Sleep -Seconds 3; if (Test-Path test-results.txt) { Get-C
Pattern matches no results[2A[137G[1G[J[36m?[39m [1mInput test name pattern (RegExp)[22m ÔÇ║ askkill /F /IM node.exe /T 2>$null; Start-Sleep -Seconds 3; if (Test-Path test-results.txt) { Get-C
Pattern matches no results[2A[137G[1G[J[36m?[39m [1mInput test name pattern (RegExp)[22m ÔÇ║ askkill /F /IM node.exe /T 2>$null; Start-Sleep -Seconds 3; if (Test-Path test-results.txt) { Get-C
Pattern matches no results[2A[137G[1G[J[36m?[39m [1mInput test name pattern (RegExp)[22m ÔÇ║ askkill /F /IM node.exe /T 2>$null; Start-Sleep -Seconds 3; if (Test-Path test-results.txt) { Get-C
Pattern matches no results[2A[137G[1G[J[36m?[39m [1mInput test name pattern (RegExp)[22m ÔÇ║ askkill /F /IM node.exe /T 2>$null; Start-Sleep -Seconds 3; if (Test-Path test-results.txt) { Get-C
Pattern matches no results[2A[137G[1G[J[36m?[39m [1mInput test name pattern (RegExp)[22m ÔÇ║ askkill /F /IM node.exe /T 2>$null; Start-Sleep -Seconds 3; if (Test-Path test-results.txt) { Get-C
Pattern matches no results[2A[137G[1G[J[36m?[39m [1mInput test name pattern (RegExp)[22m ÔÇ║ askkill /F /IM node.exe /T 2>$null; Start-Sleep -Seconds 3; if (Test-Path test-results.txt) { Get-C
Pattern matches no results[2A[137G[1G[J[36m?[39m [1mInput test name pattern (RegExp)[22m ÔÇ║ askkill /F /IM node.exe /T 2>$null; Start-Sleep -Seconds 3; if (Test-Path test-results.txt) { Get-C
Pattern matches no results[2A[137G[1G[J[36m?[39m [1mInput test name pattern (RegExp)[22m ÔÇ║ askkill /F /IM node.exe /T 2>$null; Start-Sleep -Seconds 3; if (Test-Path test-results.txt) { Get-C
Pattern matches no results[2A[137G[1G[J[36m?[39m [1mInput test name pattern (RegExp)[22m ÔÇ║ askkill /F /IM node.exe /T 2>$null; Start-Sleep -Seconds 3; if (Test-Path test-results.txt) { Get-C
Pattern matches no results[2A[137G[1G[J[36m?[39m [1mInput test name pattern (RegExp)[22m ÔÇ║ askkill /F /IM node.exe /T 2>$null; Start-Sleep -Seconds 3; if (Test-Path test-results.txt) { Get-C
Pattern matches no results[2A[137G[1G[J[36m?[39m [1mInput test name pattern (RegExp)[22m ÔÇ║ askkill /F /IM node.exe /T 2>$null; Start-Sleep -Seconds 3; if (Test-Path test-results.txt) { Get-C
Pattern matches no results[2A[137G[1G[J[36m?[39m [1mInput test name pattern (RegExp)[22m ÔÇ║ askkill /F /IM node.exe /T 2>$null; Start-Sleep -Seconds 3; if (Test-Path test-results.txt) { Get-C
Pattern matches no results[2A[137G[1G[J[36m?[39m [1mInput test name pattern (RegExp)[22m ÔÇ║ askkill /F /IM node.exe /T 2>$null; Start-Sleep -Seconds 3; if (Test-Path test-results.txt) { Get-C
Pattern matches no results[2A[137G[1G[J[36m?[39m [1mInput test name pattern (RegExp)[22m ÔÇ║ askkill /F /IM node.exe /T 2>$null; Start-Sleep -Seconds 3; if (Test-Path test-results.txt) { Get-C
Pattern matches no results[2A[137G[1G[J[36m?[39m [1mInput test name pattern (RegExp)[22m ÔÇ║ askkill /F /IM node.exe /T 2>$null; Start-Sleep -Seconds 3; if (Test-Path test-results.txt) { Get-C
Pattern matches no results[2A[137G[1G[J[36m?[39m [1mInput test name pattern (RegExp)[22m ÔÇ║ askkill /F /IM node.exe /T 2>$null; Start-Sleep -Seconds 3; if (Test-Path test-results.txt) { Get-C
Pattern matches no results[2A[137G[1G[J[36m?[39m [1mInput test name pattern (RegExp)[22m ÔÇ║ askkill /F /IM node.exe /T 2>$null; Start-Sleep -Seconds 3; if (Test-Path test-results.txt) { Get-C
Pattern matches no results[2A[137G[1G[J[36m?[39m [1mInput test name pattern (RegExp)[22m ÔÇ║ askkill /F /IM node.exe /T 2>$null; Start-Sleep -Seconds 3; if (Test-Path test-results.txt) { Get-C
Pattern matches no results[2A[137G[1G[J[36m?[39m [1mInput test name pattern (RegExp)[22m ÔÇ║ askkill /F /IM node.exe /T 2>$null; Start-Sleep -Seconds 3; if (Test-Path test-results.txt) { Get-C
Pattern matches no results[2A[137G[1G[J[36m?[39m [1mInput test name pattern (RegExp)[22m ÔÇ║ askkill /F /IM node.exe /T 2>$null; Start-Sleep -Seconds 3; if (Test-Path test-results.txt) { Get-C
Pattern matches no results[2A[137G[1G[J[36m?[39m [1mInput test name pattern (RegExp)[22m ÔÇ║ askkill /F /IM node.exe /T 2>$null; Start-Sleep -Seconds 3; if (Test-Path test-results.txt) { Get-C
Pattern matches no results[2A[137G[1G[J[36m?[39m [1mInput test name pattern (RegExp)[22m ÔÇ║ askkill /F /IM node.exe /T 2>$null; Start-Sleep -Seconds 3; if (Test-Path test-results.txt) { Get-Content test-results.txt | Select-Object -Last 20 }
Pattern matches no results[3A[187G[1G[J[36m?[39m [1mInput test name pattern (RegExp)[22m ÔÇ║ askkill /F /IM node.exe /T 2>$null; Start-Sleep -Seconds 3; if (Test-Path test-results.txt) { Get-Content test-results.txt | Select-Object -Last 20 }
Pattern matches no results[3A[187G[1G[J[36m?[39m [1mInput test name pattern (RegExp)[22m ÔÇ║ askkill /F /IM node.exe /T 2>$null; Start-Sleep -Seconds 3; if (Test-Path test-results.txt) { Get-Content test-results.txt | Select-Object -Last 20 }
Pattern matches no results[3A[187G[1G[J[36m?[39m [1mInput test name pattern (RegExp)[22m ÔÇ║ askkill /F /IM node.exe /T 2>$null; Start-Sleep -Seconds 3; if (Test-Path test-results.txt) { Get-Content test-results.txt | Select-Object -Last 20 }
Pattern matches no results[3A[187G[1G[J[36m?[39m [1mInput test name pattern (RegExp)[22m ÔÇ║ askkill /F /IM node.exe /T 2>$null; Start-Sleep -Seconds 3; if (Test-Path test-results.txt) { Get-Content test-results.txt | Select-Object -Last 20 }
Pattern matches no results[3A[187G[1G[J[36m?[39m [1mInput test name pattern (RegExp)[22m ÔÇ║ askkill /F /IM node.exe /T 2>$null; Start-Sleep -Seconds 3; if (Test-Path test-results.txt) { Get-Content test-results.txt | Select-Object -Last 20 }
Pattern matches no results[3A[187G[1G[J[36m?[39m [1mInput test name pattern (RegExp)[22m ÔÇ║ askkill /F /IM node.exe /T 2>$null; Start-Sleep -Seconds 3; if (Test-Path test-results.txt) { Get-Content test-results.txt | Select-Object -Last 20 }
Pattern matches no results[3A[187G[1G[J[36m?[39m [1mInput test name pattern (RegExp)[22m ÔÇ║ askkill /F /IM node.exe /T 2>$null; Start-Sleep -Seconds 3; if (Test-Path test-results.txt) { Get-Content test-results.txt | Select-Object -Last 20 }
Pattern matches no results[3A[187G[1G[J[36m?[39m [1mInput test name pattern (RegExp)[22m ÔÇ║ askkill /F /IM node.exe /T 2>$null; Start-Sleep -Seconds 3; if (Test-Path test-results.txt) { Get-Content test-results.txt | Select-Object -Last 20 }
Pattern matches no results[3A[187G[1G[J[36m?[39m [1mInput test name pattern (RegExp)[22m ÔÇ║ askkill /F /IM node.exe /T 2>$null; Start-Sleep -Seconds 3; if (Test-Path test-results.txt) { Get-Content test-results.txt | Select-Object -Last 20 }
Pattern matches no results[3A[187G[1G[J[36m?[39m [1mInput test name pattern (RegExp)[22m ÔÇ║ askkill /F /IM node.exe /T 2>$null; Start-Sleep -Seconds 3; if (Test-Path test-results.txt) { Get-Content test-results.txt | Select-Object -Last 20 }
Pattern matches no results[3A[187G[1G[J[36m?[39m [1mInput test name pattern (RegExp)[22m ÔÇ║ askkill /F /IM node.exe /T 2>$null; Start-Sleep -Seconds 3; if (Test-Path test-results.txt) { Get-Content test-results.txt | Select-Object -Last 20 }
Pattern matches no results[3A[187G[1G[J[36m?[39m [1mInput test name pattern (RegExp)[22m ÔÇ║ askkill /F /IM node.exe /T 2>$null; Start-Sleep -Seconds 3; if (Test-Path test-results.txt) { Get-Content test-results.txt | Select-Object -Last 20 }
Pattern matches no results[3A[187G[1G[J[36m?[39m [1mInput test name pattern (RegExp)[22m ÔÇ║ askkill /F /IM node.exe /T 2>$null; Start-Sleep -Seconds 3; if (Test-Path test-results.txt) { Get-Content test-results.txt | Select-Object -Last 20 }
Pattern matches no results[3A[187G[1G[J[36m?[39m [1mInput test name pattern (RegExp)[22m ÔÇ║ askkill /F /IM node.exe /T 2>$null; Start-Sleep -Seconds 3; if (Test-Path test-results.txt) { Get-Content test-results.txt | Select-Object -Last 20 }
Pattern matches no results[3A[187G[1G[J[36m?[39m [1mInput test name pattern (RegExp)[22m ÔÇ║ askkill /F /IM node.exe /T 2>$null; Start-Sleep -Seconds 3; if (Test-Path test-results.txt) { Get-Content test-results.txt | Select-Object -Last 20 }
Pattern matches no results[3A[187G[1G[J[36m?[39m [1mInput test name pattern (RegExp)[22m ÔÇ║ askkill /F /IM node.exe /T 2>$null; Start-Sleep -Seconds 3; if (Test-Path test-results.txt) { Get-Content test-results.txt | Select-Object -Last 20 }
Pattern matches no results[3A[187G[1G[J[36m?[39m [1mInput test name pattern (RegExp)[22m ÔÇ║ askkill /F /IM node.exe /T 2>$null; Start-Sleep -Seconds 3; if (Test-Path test-results.txt) { Get-Content test-results.txt | Select-Object -Last 20 }
Pattern matches no results[3A[187G[1G[J[36m?[39m [1mInput test name pattern (RegExp)[22m ÔÇ║ askkill /F /IM node.exe /T 2>$null; Start-Sleep -Seconds 3; if (Test-Path test-results.txt) { Get-Content test-results.txt | Select-Object -Last 20 }
Pattern matches no results[3A[187G[1G[J[36m?[39m [1mInput test name pattern (RegExp)[22m ÔÇ║ askkill /F /IM node.exe /T 2>$null; Start-Sleep -Seconds 3; if (Test-Path test-results.txt) { Get-Content test-results.txt | Select-Object -Last 20 }
Pattern matches no results[3A[187G[1G[J[36m?[39m [1mInput test name pattern (RegExp)[22m ÔÇ║ askkill /F /IM node.exe /T 2>$null; Start-Sleep -Seconds 3; if (Test-Path test-results.txt) { Get-Content test-results.txt | Select-Object -Last 20 }
Pattern matches no results[3A[187G[1G[J[36m?[39m [1mInput test name pattern (RegExp)[22m ÔÇ║ askkill /F /IM node.exe /T 2>$null; Start-Sleep -Seconds 3; if (Test-Path test-results.txt) { Get-Content test-results.txt | Select-Object -Last 20 }
Pattern matches no results[3A[187G[1G[J[36m?[39m [1mInput test name pattern (RegExp)[22m ÔÇ║ askkill /F /IM node.exe /T 2>$null; Start-Sleep -Seconds 3; if (Test-Path test-results.txt) { Get-Content test-results.txt | Select-Object -Last 20 }
Pattern matches no results[3A[187G[1G[J[36m?[39m [1mInput test name pattern (RegExp)[22m ÔÇ║ askkill /F /IM node.exe /T 2>$null; Start-Sleep -Seconds 3; if (Test-Path test-results.txt) { Get-Content test-results.txt | Select-Object -Last 20 }
Pattern matches no results[3A[187G[1G[J[36m?[39m [1mInput test name pattern (RegExp)[22m ÔÇ║ askkill /F /IM node.exe /T 2>$null; Start-Sleep -Seconds 3; if (Test-Path test-results.txt) { Get-Content test-results.txt | Select-Object -Last 20 }
Pattern matches 87 results
[2m ÔÇ║ debe cargar perfil desde Supabase correctamente[22m
[2m ÔÇ║ debe manejar errores de carga correctamente[22m
[2m ÔÇ║ debe retornar null cuando userId es null[22m
[2m ÔÇ║ debe usar cache correctamente[22m
[2m ÔÇ║ debe cargar m├║ltiples perfiles con filtros[22m
[2m ÔÇ║ debe aplicar filtros de edad correctamente[22m
[2m ÔÇ║ debe actualizar perfil y invalidar cache[22m
[2m ÔÇ║ debe manejar errores de actualizaci├│n[22m
[2m ÔÇ║ debe crear nuevo perfil correctamente[22m
[2m ÔÇ║ debe limpiar cache correctamente[22m
[2m   ...and 77 more results[22m[14A[187G[1G[J[36m?[39m [1mInput test name pattern (RegExp)[22m ÔÇ║ askkill /F /IM node.exe /T 2>$null; Start-Sleep -Seconds 3; if (Test-Path test-results.txt) { Get-Content test-results.txt | Select-Object -Last 20 }
Pattern matches 87 results
[2m ÔÇ║ debe cargar perfil desde Supabase correctamente[22m
[2m ÔÇ║ debe manejar errores de carga correctamente[22m
[2m ÔÇ║ debe retornar null cuando userId es null[22m
[2m ÔÇ║ debe usar cache correctamente[22m
[2m ÔÇ║ debe cargar m├║ltiples perfiles con filtros[22m
[2m ÔÇ║ debe aplicar filtros de edad correctamente[22m
[2m ÔÇ║ debe actualizar perfil y invalidar cache[22m
[2m ÔÇ║ debe manejar errores de actualizaci├│n[22m
[2m ÔÇ║ debe crear nuevo perfil correctamente[22m
[2m ÔÇ║ debe limpiar cache correctamente[22m
[2m   ...and 77 more results[22m[14A[187G[1G[J[36m?[39m [1mInput test name pattern (RegExp)[22m ÔÇ║ askkill /F /IM node.exe /T 2>$null; Start-Sleep -Seconds 3; if (Test-Path test-results.txt) { Get-Content test-results.txt | Select-Object -Last 20 }
Pattern matches 1 result
[2m ÔÇ║ debe cargar perfil desde Supabase correctamente[22m[4A[187G[1G[J[36m?[39m [1mInput test name pattern (RegExp)[22m ÔÇ║ askkill /F /IM node.exe /T 2>$null; Start-Sleep -Seconds 3; if (Test-Path test-results.txt) { Get-Content test-results.txt | Select-Object -Last 20 }
Pattern matches no results[3A[187G[1G[J[36m?[39m [1mInput test name pattern (RegExp)[22m ÔÇ║ askkill /F /IM node.exe /T 2>$null; Start-Sleep -Seconds 3; if (Test-Path test-results.txt) { Get-Content test-results.txt | Select-Object -Last 20 }
Pattern matches no results[3A[187G[1G[J[36m?[39m [1mInput test name pattern (RegExp)[22m ÔÇ║ askkill /F /IM node.exe /T 2>$null; Start-Sleep -Seconds 3; if (Test-Path test-results.txt) { Get-Content test-results.txt | Select-Object -Last 20 }
Pattern matches no results[3A[187G[1G[J[36m?[39m [1mInput test name pattern (RegExp)[22m ÔÇ║ askkill /F /IM node.exe /T 2>$null; Start-Sleep -Seconds 3; if (Test-Path test-results.txt) { Get-Content test-results.txt | Select-Object -Last 20 }
Pattern matches no results[3A[187G[1G[J[36m?[39m [1mInput test name pattern (RegExp)[22m ÔÇ║ askkill /F /IM node.exe /T 2>$null; Start-Sleep -Seconds 3; if (Test-Path test-results.txt) { Get-Content test-results.txt | Select-Object -Last 20 }
Pattern matches no results[3A[187G[1G[J[36m?[39m [1mInput test name pattern (RegExp)[22m ÔÇ║ askkill /F /IM node.exe /T 2>$null; Start-Sleep -Seconds 3; if (Test-Path test-results.txt) { Get-Content test-results.txt | Select-Object -Last 20 }
Pattern matches no results[3A[187G[1G[J[36m?[39m [1mInput test name pattern (RegExp)[22m ÔÇ║ askkill /F /IM node.exe /T 2>$null; Start-Sleep -Seconds 3; if (Test-Path test-results.txt) { Get-Content test-results.txt | Select-Object -Last 20 }
Pattern matches no results[3A[187G[1G[J[36m?[39m [1mInput test name pattern (RegExp)[22m ÔÇ║ askkill /F /IM node.exe /T 2>$null; Start-Sleep -Seconds 3; if (Test-Path test-results.txt) { Get-Content test-results.txt | Select-Object -Last 20 }
Pattern matches no results[3A[187G[1G[J[36m?[39m [1mInput test name pattern (RegExp)[22m ÔÇ║ askkill /F /IM node.exe /T 2>$null; Start-Sleep -Seconds 3; if (Test-Path test-results.txt) { Get-Content test-results.txt | Select-Object -Last 20 }
Pattern matches no results[3A[187G[1G[J[36m?[39m [1mInput test name pattern (RegExp)[22m ÔÇ║ askkill /F /IM node.exe /T 2>$null; Start-Sleep -Seconds 3; if (Test-Path test-results.txt) { Get-Content test-results.txt | Select-Object -Last 20 }
Pattern matches no results[3A[187G[1G[J[36m?[39m [1mInput test name pattern (RegExp)[22m ÔÇ║ askkill /F /IM node.exe /T 2>$null; Start-Sleep -Seconds 3; if (Test-Path test-results.txt) { Get-Content test-results.txt | Select-Object -Last 20 }
Pattern matches no results[3A[187G[1G[J[36m?[39m [1mInput test name pattern (RegExp)[22m ÔÇ║ askkill /F /IM node.exe /T 2>$null; Start-Sleep -Seconds 3; if (Test-Path test-results.txt) { Get-Content test-results.txt | Select-Object -Last 20 }
Pattern matches no results[3A[187G[1G[J[36m?[39m [1mInput test name pattern (RegExp)[22m ÔÇ║ askkill /F /IM node.exe /T 2>$null; Start-Sleep -Seconds 3; if (Test-Path test-results.txt) { Get-Content test-results.txt | Select-Object -Last 20 }
Pattern matches no results[3A[187G[1G[J[36m?[39m [1mInput test name pattern (RegExp)[22m ÔÇ║ askkill /F /IM node.exe /T 2>$null; Start-Sleep -Seconds 3; if (Test-Path test-results.txt) { Get-Content test-results.txt | Select-Object -Last 20 }
Pattern matches no results[3A[187G[1G[J[36m?[39m [1mInput test name pattern (RegExp)[22m ÔÇ║ askkill /F /IM node.exe /T 2>$null; Start-Sleep -Seconds 3; if (Test-Path test-results.txt) { Get-Content test-results.txt | Select-Object -Last 20 }
Pattern matches no results[3A[187G[1G[J[36m?[39m [1mInput test name pattern (RegExp)[22m ÔÇ║ askkill /F /IM node.exe /T 2>$null; Start-Sleep -Seconds 3; if (Test-Path test-results.txt) { Get-Content test-results.txt | Select-Object -Last 20 }
Pattern matches no results[3A[187G[1G[J[36m?[39m [1mInput test name pattern (RegExp)[22m ÔÇ║ askkill /F /IM node.exe /T 2>$null; Start-Sleep -Seconds 3; if (Test-Path test-results.txt) { Get-Content test-results.txt | Select-Object -Last 20 }
Pattern matches no results[3A[187G[1G[J[36m?[39m [1mInput test name pattern (RegExp)[22m ÔÇ║ askkill /F /IM node.exe /T 2>$null; Start-Sleep -Seconds 3; if (Test-Path test-results.txt) { Get-Content test-results.txt | Select-Object -Last 20 }
Pattern matches no results[3A[187G[1G[J[36m?[39m [1mInput test name pattern (RegExp)[22m ÔÇ║ askkill /F /IM node.exe /T 2>$null; Start-Sleep -Seconds 3; if (Test-Path test-results.txt) { Get-Content test-results.txt | Select-Object -Last 20 }
Pattern matches no results[3A[187G[1G[J[36m?[39m [1mInput test name pattern (RegExp)[22m ÔÇ║ askkill /F /IM node.exe /T 2>$null; Start-Sleep -Seconds 3; if (Test-Path test-results.txt) { Get-Content test-results.txt | Select-Object -Last 20 }
Pattern matches no results[3A[187G[1G[J[36m?[39m [1mInput test name pattern (RegExp)[22m ÔÇ║ askkill /F /IM node.exe /T 2>$null; Start-Sleep -Seconds 3; if (Test-Path test-results.txt) { Get-Content test-results.txt | Select-Object -Last 20 }
Pattern matches no results[3A[187G[1G[J[36m?[39m [1mInput test name pattern (RegExp)[22m ÔÇ║ askkill /F /IM node.exe /T 2>$null; Start-Sleep -Seconds 3; if (Test-Path test-results.txt) { Get-Content test-results.txt | Select-Object -Last 20 }
Pattern matches no results[3A[187G[1G[J[36m?[39m [1mInput test name pattern (RegExp)[22m ÔÇ║ askkill /F /IM node.exe /T 2>$null; Start-Sleep -Seconds 3; if (Test-Path test-results.txt) { Get-Content test-results.txt | Select-Object -Last 20 }
Pattern matches no results[3A[187G[1G[J[36m?[39m [1mInput test name pattern (RegExp)[22m ÔÇ║ askkill /F /IM node.exe /T 2>$null; Start-Sleep -Seconds 3; if (Test-Path test-results.txt) { Get-Content test-results.txt | Select-Object -Last 20 } else { Write-Host "No hay archivo de resultados" 
Pattern matches no results[3A[237G[1G[J[36m?[39m [1mInput test name pattern (RegExp)[22m ÔÇ║ askkill /F /IM node.exe /T 2>$null; Start-Sleep -Seconds 3; if (Test-Path test-results.txt) { Get-Content test-results.txt | Select-Object -Last 20 } else { Write-Host "No hay archivo de resultados" 
Pattern matches no results[3A[237G[1G[J[36m?[39m [1mInput test name pattern (RegExp)[22m ÔÇ║ askkill /F /IM node.exe /T 2>$null; Start-Sleep -Seconds 3; if (Test-Path test-results.txt) { Get-Content test-results.txt | Select-Object -Last 20 } else { Write-Host "No hay archivo de resultados" 
Pattern matches no results[3A[237G[1G[J[36m?[39m [1mInput test name pattern (RegExp)[22m ÔÇ║ askkill /F /IM node.exe /T 2>$null; Start-Sleep -Seconds 3; if (Test-Path test-results.txt) { Get-Content test-results.txt | Select-Object -Last 20 } else { Write-Host "No hay archivo de resultados" 
Pattern matches no results[3A[237G[1G[J[36m?[39m [1mInput test name pattern (RegExp)[22m ÔÇ║ askkill /F /IM node.exe /T 2>$null; Start-Sleep -Seconds 3; if (Test-Path test-results.txt) { Get-Content test-results.txt | Select-Object -Last 20 } else { Write-Host "No hay archivo de resultados" 
Pattern matches no results[3A[237G[1G[J[36m?[39m [1mInput test name pattern (RegExp)[22m ÔÇ║ askkill /F /IM node.exe /T 2>$null; Start-Sleep -Seconds 3; if (Test-Path test-results.txt) { Get-Content test-results.txt | Select-Object -Last 20 } else { Write-Host "No hay archivo de resultados" 
Pattern matches no results[3A[237G[1G[J[36m?[39m [1mInput test name pattern (RegExp)[22m ÔÇ║ askkill /F /IM node.exe /T 2>$null; Start-Sleep -Seconds 3; if (Test-Path test-results.txt) { Get-Content test-results.txt | Select-Object -Last 20 } else { Write-Host "No hay archivo de resultados" 
Pattern matches no results[3A[237G[1G[J[36m?[39m [1mInput test name pattern (RegExp)[22m ÔÇ║ askkill /F /IM node.exe /T 2>$null; Start-Sleep -Seconds 3; if (Test-Path test-results.txt) { Get-Content test-results.txt | Select-Object -Last 20 } else { Write-Host "No hay archivo de resultados" 
Pattern matches no results[3A[237G[1G[J[36m?[39m [1mInput test name pattern (RegExp)[22m ÔÇ║ askkill /F /IM node.exe /T 2>$null; Start-Sleep -Seconds 3; if (Test-Path test-results.txt) { Get-Content test-results.txt | Select-Object -Last 20 } else { Write-Host "No hay archivo de resultados" 
Pattern matches no results[3A[237G[1G[J[36m?[39m [1mInput test name pattern (RegExp)[22m ÔÇ║ askkill /F /IM node.exe /T 2>$null; Start-Sleep -Seconds 3; if (Test-Path test-results.txt) { Get-Content test-results.txt | Select-Object -Last 20 } else { Write-Host "No hay archivo de resultados" 
Pattern matches no results[3A[237G[1G[J[36m?[39m [1mInput test name pattern (RegExp)[22m ÔÇ║ askkill /F /IM node.exe /T 2>$null; Start-Sleep -Seconds 3; if (Test-Path test-results.txt) { Get-Content test-results.txt | Select-Object -Last 20 } else { Write-Host "No hay archivo de resultados" 
Pattern matches no results[3A[237G[1G[J[36m?[39m [1mInput test name pattern (RegExp)[22m ÔÇ║ askkill /F /IM node.exe /T 2>$null; Start-Sleep -Seconds 3; if (Test-Path test-results.txt) { Get-Content test-results.txt | Select-Object -Last 20 } else { Write-Host "No hay archivo de resultados" 
Pattern matches no results[3A[237G[1G[J[36m?[39m [1mInput test name pattern (RegExp)[22m ÔÇ║ askkill /F /IM node.exe /T 2>$null; Start-Sleep -Seconds 3; if (Test-Path test-results.txt) { Get-Content test-results.txt | Select-Object -Last 20 } else { Write-Host "No hay archivo de resultados" 
Pattern matches no results[3A[237G[1G[J[36m?[39m [1mInput test name pattern (RegExp)[22m ÔÇ║ askkill /F /IM node.exe /T 2>$null; Start-Sleep -Seconds 3; if (Test-Path test-results.txt) { Get-Content test-results.txt | Select-Object -Last 20 } else { Write-Host "No hay archivo de resultados" 
Pattern matches no results[3A[237G[1G[J[36m?[39m [1mInput test name pattern (RegExp)[22m ÔÇ║ askkill /F /IM node.exe /T 2>$null; Start-Sleep -Seconds 3; if (Test-Path test-results.txt) { Get-Content test-results.txt | Select-Object -Last 20 } else { Write-Host "No hay archivo de resultados" 
Pattern matches no results[3A[237G[1G[J[36m?[39m [1mInput test name pattern (RegExp)[22m ÔÇ║ askkill /F /IM node.exe /T 2>$null; Start-Sleep -Seconds 3; if (Test-Path test-results.txt) { Get-Content test-results.txt | Select-Object -Last 20 } else { Write-Host "No hay archivo de resultados" 
Pattern matches no results[3A[237G[1G[J[36m?[39m [1mInput test name pattern (RegExp)[22m ÔÇ║ askkill /F /IM node.exe /T 2>$null; Start-Sleep -Seconds 3; if (Test-Path test-results.txt) { Get-Content test-results.txt | Select-Object -Last 20 } else { Write-Host "No hay archivo de resultados" 
Pattern matches no results[3A[237G[1G[J[36m?[39m [1mInput test name pattern (RegExp)[22m ÔÇ║ askkill /F /IM node.exe /T 2>$null; Start-Sleep -Seconds 3; if (Test-Path test-results.txt) { Get-Content test-results.txt | Select-Object -Last 20 } else { Write-Host "No hay archivo de resultados" 
Pattern matches no results[3A[237G[1G[J[36m?[39m [1mInput test name pattern (RegExp)[22m ÔÇ║ askkill /F /IM node.exe /T 2>$null; Start-Sleep -Seconds 3; if (Test-Path test-results.txt) { Get-Content test-results.txt | Select-Object -Last 20 } else { Write-Host "No hay archivo de resultados" 
Pattern matches no results[3A[237G[1G[J[36m?[39m [1mInput test name pattern (RegExp)[22m ÔÇ║ askkill /F /IM node.exe /T 2>$null; Start-Sleep -Seconds 3; if (Test-Path test-results.txt) { Get-Content test-results.txt | Select-Object -Last 20 } else { Write-Host "No hay archivo de resultados" 
Pattern matches no results[3A[237G[1G[J[36m?[39m [1mInput test name pattern (RegExp)[22m ÔÇ║ askkill /F /IM node.exe /T 2>$null; Start-Sleep -Seconds 3; if (Test-Path test-results.txt) { Get-Content test-results.txt | Select-Object -Last 20 } else { Write-Host "No hay archivo de resultados" 
Pattern matches no results[3A[237G[1G[J[36m?[39m [1mInput test name pattern (RegExp)[22m ÔÇ║ askkill /F /IM node.exe /T 2>$null; Start-Sleep -Seconds 3; if (Test-Path test-results.txt) { Get-Content test-results.txt | Select-Object -Last 20 } else { Write-Host "No hay archivo de resultados" 
Pattern matches no results[3A[237G[1G[J[36m?[39m [1mInput test name pattern (RegExp)[22m ÔÇ║ askkill /F /IM node.exe /T 2>$null; Start-Sleep -Seconds 3; if (Test-Path test-results.txt) { Get-Content test-results.txt | Select-Object -Last 20 } else { Write-Host "No hay archivo de resultados" 
Pattern matches no results[3A[237G[1G[J[36m?[39m [1mInput test name pattern (RegExp)[22m ÔÇ║ askkill /F /IM node.exe /T 2>$null; Start-Sleep -Seconds 3; if (Test-Path test-results.txt) { Get-Content test-results.txt | Select-Object -Last 20 } else { Write-Host "No hay archivo de resultados" 
Pattern matches no results[3A[237G[1G[J[36m?[39m [1mInput test name pattern (RegExp)[22m ÔÇ║ askkill /F /IM node.exe /T 2>$null; Start-Sleep -Seconds 3; if (Test-Path test-results.txt) { Get-Content test-results.txt | Select-Object -Last 20 } else { Write-Host "No hay archivo de resultados" 
Pattern matches no results[3A[237G[1G[J[36m?[39m [1mInput test name pattern (RegExp)[22m ÔÇ║ askkill /F /IM node.exe /T 2>$null; Start-Sleep -Seconds 3; if (Test-Path test-results.txt) { Get-Content test-results.txt | Select-Object -Last 20 } else { Write-Host "No hay archivo de resultados" 
Pattern matches no results[3A[237G[1G[J[36m?[39m [1mInput test name pattern (RegExp)[22m ÔÇ║ askkill /F /IM node.exe /T 2>$null; Start-Sleep -Seconds 3; if (Test-Path test-results.txt) { Get-Content test-results.txt | Select-Object -Last 20 } else { Write-Host "No hay archivo de resultados" 
Pattern matches no results[3A[237G[1G[J[36m?[39m [1mInput test name pattern (RegExp)[22m ÔÇ║ askkill /F /IM node.exe /T 2>$null; Start-Sleep -Seconds 3; if (Test-Path test-results.txt) { Get-Content test-results.txt | Select-Object -Last 20 } else { Write-Host "No hay archivo de resultados" 
Pattern matches no results[3A[237G[1G[J[36m?[39m [1mInput test name pattern (RegExp)[22m ÔÇ║ askkill /F /IM node.exe /T 2>$null; Start-Sleep -Seconds 3; if (Test-Path test-results.txt) { Get-Content test-results.txt | Select-Object -Last 20 } else { Write-Host "No hay archivo de resultados" 
Pattern matches no results[3A[237G[1G[J[36m?[39m [1mInput test name pattern (RegExp)[22m ÔÇ║ askkill /F /IM node.exe /T 2>$null; Start-Sleep -Seconds 3; if (Test-Path test-results.txt) { Get-Content test-results.txt | Select-Object -Last 20 } else { Write-Host "No hay archivo de resultados" 
Pattern matches no results[3A[237G[1G[J[36m?[39m [1mInput test name pattern (RegExp)[22m ÔÇ║ askkill /F /IM node.exe /T 2>$null; Start-Sleep -Seconds 3; if (Test-Path test-results.txt) { Get-Content test-results.txt | Select-Object -Last 20 } else { Write-Host "No hay archivo de resultados" 
Pattern matches no results[3A[237G[1G[J[36m?[39m [1mInput test name pattern (RegExp)[22m ÔÇ║ askkill /F /IM node.exe /T 2>$null; Start-Sleep -Seconds 3; if (Test-Path test-results.txt) { Get-Content test-results.txt | Select-Object -Last 20 } else { Write-Host "No hay archivo de resultados" 
Pattern matches no results[3A[237G[1G[J[36m?[39m [1mInput test name pattern (RegExp)[22m ÔÇ║ askkill /F /IM node.exe /T 2>$null; Start-Sleep -Seconds 3; if (Test-Path test-results.txt) { Get-Content test-results.txt | Select-Object -Last 20 } else { Write-Host "No hay archivo de resultados" 
Pattern matches no results[3A[237G[1G[J[36m?[39m [1mInput test name pattern (RegExp)[22m ÔÇ║ askkill /F /IM node.exe /T 2>$null; Start-Sleep -Seconds 3; if (Test-Path test-results.txt) { Get-Content test-results.txt | Select-Object -Last 20 } else { Write-Host "No hay archivo de resultados" 
Pattern matches no results[3A[237G[1G[J[36m?[39m [1mInput test name pattern (RegExp)[22m ÔÇ║ askkill /F /IM node.exe /T 2>$null; Start-Sleep -Seconds 3; if (Test-Path test-results.txt) { Get-Content test-results.txt | Select-Object -Last 20 } else { Write-Host "No hay archivo de resultados" 
Pattern matches no results[3A[237G[1G[J[36m?[39m [1mInput test name pattern (RegExp)[22m ÔÇ║ askkill /F /IM node.exe /T 2>$null; Start-Sleep -Seconds 3; if (Test-Path test-results.txt) { Get-Content test-results.txt | Select-Object -Last 20 } else { Write-Host "No hay archivo de resultados" 
Pattern matches no results[3A[237G[1G[J[36m?[39m [1mInput test name pattern (RegExp)[22m ÔÇ║ askkill /F /IM node.exe /T 2>$null; Start-Sleep -Seconds 3; if (Test-Path test-results.txt) { Get-Content test-results.txt | Select-Object -Last 20 } else { Write-Host "No hay archivo de resultados" 
Pattern matches no results[3A[237G[1G[J[36m?[39m [1mInput test name pattern (RegExp)[22m ÔÇ║ askkill /F /IM node.exe /T 2>$null; Start-Sleep -Seconds 3; if (Test-Path test-results.txt) { Get-Content test-results.txt | Select-Object -Last 20 } else { Write-Host "No hay archivo de resultados" 
Pattern matches no results[3A[237G[1G[J[36m?[39m [1mInput test name pattern (RegExp)[22m ÔÇ║ askkill /F /IM node.exe /T 2>$null; Start-Sleep -Seconds 3; if (Test-Path test-results.txt) { Get-Content test-results.txt | Select-Object -Last 20 } else { Write-Host "No hay archivo de resultados" 
Pattern matches no results[3A[237G[1G[J[36m?[39m [1mInput test name pattern (RegExp)[22m ÔÇ║ askkill /F /IM node.exe /T 2>$null; Start-Sleep -Seconds 3; if (Test-Path test-results.txt) { Get-Content test-results.txt | Select-Object -Last 20 } else { Write-Host "No hay archivo de resultados" 
Pattern matches no results[3A[237G[1G[J[36m?[39m [1mInput test name pattern (RegExp)[22m ÔÇ║ askkill /F /IM node.exe /T 2>$null; Start-Sleep -Seconds 3; if (Test-Path test-results.txt) { Get-Content test-results.txt | Select-Object -Last 20 } else { Write-Host "No hay archivo de resultados" 
Pattern matches no results[3A[237G[1G[J[36m?[39m [1mInput test name pattern (RegExp)[22m ÔÇ║ askkill /F /IM node.exe /T 2>$null; Start-Sleep -Seconds 3; if (Test-Path test-results.txt) { Get-Content test-results.txt | Select-Object -Last 20 } else { Write-Host "No hay archivo de resultados" 
Pattern matches no results[3A[237G[1G[J[36m?[39m [1mInput test name pattern (RegExp)[22m ÔÇ║ askkill /F /IM node.exe /T 2>$null; Start-Sleep -Seconds 3; if (Test-Path test-results.txt) { Get-Content test-results.txt | Select-Object -Last 20 } else { Write-Host "No hay archivo de resultados" 
Pattern matches no results[3A[237G[1G[J[36m?[39m [1mInput test name pattern (RegExp)[22m ÔÇ║ askkill /F /IM node.exe /T 2>$null; Start-Sleep -Seconds 3; if (Test-Path test-results.txt) { Get-Content test-results.txt | Select-Object -Last 20 } else { Write-Host "No hay archivo de resultados" 
Pattern matches no results[3A[237G[1G[J[36m?[39m [1mInput test name pattern (RegExp)[22m ÔÇ║ askkill /F /IM node.exe /T 2>$null; Start-Sleep -Seconds 3; if (Test-Path test-results.txt) { Get-Content test-results.txt | Select-Object -Last 20 } else { Write-Host "No hay archivo de resultados" 
Pattern matches no results[3A[237G[1G[J[36m?[39m [1mInput test name pattern (RegExp)[22m ÔÇ║ askkill /F /IM node.exe /T 2>$null; Start-Sleep -Seconds 3; if (Test-Path test-results.txt) { Get-Content test-results.txt | Select-Object -Last 20 } else { Write-Host "No hay archivo de resultados" 
Pattern matches no results[3A[237G[1G[J[36m?[39m [1mInput test name pattern (RegExp)[22m ÔÇ║ askkill /F /IM node.exe /T 2>$null; Start-Sleep -Seconds 3; if (Test-Path test-results.txt) { Get-Content test-results.txt | Select-Object -Last 20 } else { Write-Host "No hay archivo de resultados" 
Pattern matches no results[3A[237G[1G[J[36m?[39m [1mInput test name pattern (RegExp)[22m ÔÇ║ askkill /F /IM node.exe /T 2>$null; Start-Sleep -Seconds 3; if (Test-Path test-results.txt) { Get-Content test-results.txt | Select-Object -Last 20 } else { Write-Host "No hay archivo de resultados" 
Pattern matches no results[3A[237G[1G[J[36m?[39m [1mInput test name pattern (RegExp)[22m ÔÇ║ askkill /F /IM node.exe /T 2>$null; Start-Sleep -Seconds 3; if (Test-Path test-results.txt) { Get-Content test-results.txt | Select-Object -Last 20 } else { Write-Host "No hay archivo de resultados" 
Pattern matches no results[3A[237G[1G[J[36m?[39m [1mInput test name pattern (RegExp)[22m ÔÇ║ askkill /F /IM node.exe /T 2>$null; Start-Sleep -Seconds 3; if (Test-Path test-results.txt) { Get-Content test-results.txt | Select-Object -Last 20 } else { Write-Host "No hay archivo de resultados" 
Pattern matches no results[3A[237G[1G[J[36m?[39m [1mInput test name pattern (RegExp)[22m ÔÇ║ 
Please input filter pattern[1A[38G[1G[J[36m?[39m [1mInput test name pattern (RegExp)[22m ÔÇ║ 
Please input filter pattern[1A[38Gc[3J[1m[44m RERUN [49m[22m [34m[2mchange pattern [22m[39m
       [2m Test name pattern: [22m[34m/askkill \/F \/IM node.exe \/T 2>$null; Start-Sleep -Seconds 3; if (Test-Path test-results.txt) { Get-Content test-results.txt | Select-Object -Last 20 } else { Write-Host "No hay archivo de resultados" }/[39m

[31mNo test files found. You can change the file name pattern by pressing "p"
[39m
include: src/tests/unit/**/*.{test,spec}.{js,mjs,cjs,ts,mts,cts,jsx,tsx}
exclude:  src/tests/e2e/**/*, tests/e2e/**/*, node_modules/**/*

[1m[42m PASS [49m[22m [32mWaiting for file changes...[39m
       [2mpress [22m[1mh[22m[2m to show help[22m[2m, [22m[2mpress [22m[1mq[22m[2m to quit[22m
c[3J[1m[44m RERUN [49m[22m [34m[2mrerun all tests [22m[39m

 [2m[90mÔåô[39m[22m src/tests/unit/androidSecurity.test.ts [2m([22m[2m20 tests[22m[2m)[22m
[90mstdout[2m | src/tests/unit/localStorage-migration.test.ts
[22m[39m[INFO] ­ƒöº Configuraci├│n de aplicaci├│n: {
  "mode": "production",
  "supabaseUrl": "Ô£à Configurada",
  "supabaseKey": "Ô£à Configurada"
}
[INFO] ­ƒÜÇ ComplicesConecta iniciado {
  "modo": "production"
}
[INFO] ­ƒöÉ Modo producci├│n activo - autenticaci├│n real requerida 
[INFO] ­ƒÅó Credenciales producci├│n: {
  "email": "complicesconectasw@outlook.es"
}

 [2m[90mÔåô[39m[22m src/tests/unit/mobile.test.ts [2m([22m[2m17 tests[22m[2m)[22m
 [2m[90mÔåô[39m[22m src/tests/unit/webVitals.test.ts [2m([22m[2m6 tests[22m[2m)[22m
 [2m[90mÔåô[39m[22m src/tests/unit/localStorage-migration.test.ts [2m([22m[2m14 tests[22m[2m)[22m
 [2m[90mÔåô[39m[22m src/tests/unit/ReportService.test.ts [2m([22m[2m10 tests[22m[2m)[22m
 [2m[90mÔåô[39m[22m src/tests/unit/ProfileReportService.test.ts [2m([22m[2m9 tests[22m[2m)[22m
 [2m[90mÔåô[39m[22m src/tests/unit/emailService.test.ts [2m([22m[2m5 tests[22m[2m)[22m
 [2m[90mÔåô[39m[22m src/tests/unit/zod-validation.test.ts [2m([22m[2m19 tests[22m[2m)[22m

[2m Test Files [22m [33m8 skipped[39m[90m (21)[39m
[2m      Tests [22m [90m (100)[39m
[2m   Start at [22m 03:27:01
[2m   Duration [22m 3.20s

[1m[41m CANCELLED [49m[22m [31mTest run cancelled. Watching for file changes...[39m
       [2mpress [22m[1mh[22m[2m to show help[22m[2m, [22m[2mpress [22m[1mq[22m[2m to quit[22m
c[3J[1m[44m RERUN [49m[22m [34m[2mrerun all tests [22m[39m

 [2m[90mÔåô[39m[22m src/tests/unit/matching.test.ts [2m([22m[2m6 tests[22m[2m)[22m
 [2m[90mÔåô[39m[22m src/tests/unit/realtime-chat.test.ts [2m([22m[2m6 tests[22m[2m)[22m
 [2m[90mÔåô[39m[22m src/tests/unit/invitations.test.ts [2m([22m[2m11 tests[22m[2m)[22m
 [2m[90mÔåô[39m[22m src/tests/unit/PerformanceMonitoringService.test.ts [2m([22m[2m12 tests[22m[2m)[22m
 [2m[90mÔåô[39m[22m src/tests/unit/roles.test.ts [2m([22m[2m14 tests[22m[2m)[22m
 [2m[90mÔåô[39m[22m src/tests/unit/emailService.test.ts [2m([22m[2m5 tests[22m[2m)[22m
 [2m[90mÔåô[39m[22m src/tests/unit/androidSecurity.test.ts [2m([22m[2m20 tests[22m[2m)[22m
 [2m[90mÔåô[39m[22m src/tests/unit/auth.test.ts [2m([22m[2m8 tests[22m[2m)[22m

[2m Test Files [22m [33m8 skipped[39m[90m (21)[39m
[2m      Tests [22m [90m (82)[39m
[2m   Start at [22m 03:35:10
[2m   Duration [22m 3.07s

[1m[41m CANCELLED [49m[22m [31mTest run cancelled. Watching for file changes...[39m
       [2mpress [22m[1mh[22m[2m to show help[22m[2m, [22m[2mpress [22m[1mq[22m[2m to quit[22m
[36m?[39m [1mInput test name pattern (RegExp)[22m ÔÇ║ [1G[J[36m?[39m [1mInput test name pattern (RegExp)[22m ÔÇ║  add . && git commit -m "fix: Corregir Security
Pattern matches 82 results
[2m ÔÇ║ deber├¡a identificar correctamente un perfil de administrador[22m
[2m ÔÇ║ deber├¡a rechazar perfiles no administradores[22m
[2m ÔÇ║ debe validar rol demo correctamente[22m
[2m ÔÇ║ debe permitir acciones de admin[22m
[2m ÔÇ║ debe permitir acciones de usuario regular[22m
[2m ÔÇ║ debe limitar acciones de usuario demo[22m
[2m ÔÇ║ debe denegar acciones no autorizadas[22m
[2m ÔÇ║ debe crear perfil con rol por defecto[22m
[2m ÔÇ║ debe actualizar rol de usuario[22m
[2m ÔÇ║ debe validar emails de admin en producci├│n[22m
[2m   ...and 72 more results[22m[13A[85G[1G[J[36m?[39m [1mInput test name pattern (RegExp)[22m ÔÇ║  add . && git commit -m "fix: Corregir Security
Pattern matches 28 results
[2m ÔÇ║ deber├¡a identificar correctamente un perfil de administrador[22m
[2m ÔÇ║ deber├¡a rechazar perfiles no administradores[22m
[2m ÔÇ║ debe permitir acciones de admin[22m
[2m ÔÇ║ debe permitir acciones de usuario regular[22m
[2m ÔÇ║ debe limitar acciones de usuario demo[22m
[2m ÔÇ║ debe denegar acciones no autorizadas[22m
[2m ÔÇ║ debe actualizar rol de usuario[22m
[2m ÔÇ║ debe validar emails de admin en producci├│n[22m
[2m ÔÇ║ debe aislar datos demo de producci├│n[22m
[2m ÔÇ║ should detect root indicators in user agent[22m
[2m   ...and 18 more results[22m[13A[85G[1G[J[36m?[39m [1mInput test name pattern (RegExp)[22m ÔÇ║  add . && git commit -m "fix: Corregir Security
Pattern matches 5 results
[2m ÔÇ║ deber├¡a identificar correctamente un perfil de administrador[22m
[2m ÔÇ║ deber├¡a rechazar perfiles no administradores[22m
[2m ÔÇ║ debe permitir acciones de admin[22m
[2m ÔÇ║ debe validar emails de admin en producci├│n[22m
[2m ÔÇ║ should identify admin correctly[22m[7A[85G[1G[J[36m?[39m [1mInput test name pattern (RegExp)[22m ÔÇ║  add . && git commit -m "fix: Corregir Security
Pattern matches no results[2A[85G[1G[J[36m?[39m [1mInput test name pattern (RegExp)[22m ÔÇ║  add . && git commit -m "fix: Corregir Security
Pattern matches no results[2A[85G[1G[J[36m?[39m [1mInput test name pattern (RegExp)[22m ÔÇ║  add . && git commit -m "fix: Corregir Security
Pattern matches no results[2A[85G[1G[J[36m?[39m [1mInput test name pattern (RegExp)[22m ÔÇ║  add . && git commit -m "fix: Corregir Security
Pattern matches no results[2A[85G[1G[J[36m?[39m [1mInput test name pattern (RegExp)[22m ÔÇ║  add . && git commit -m "fix: Corregir Security
Pattern matches no results[2A[85G[1G[J[36m?[39m [1mInput test name pattern (RegExp)[22m ÔÇ║  add . && git commit -m "fix: Corregir Security
Pattern matches no results[2A[85G[1G[J[36m?[39m [1mInput test name pattern (RegExp)[22m ÔÇ║  add . && git commit -m "fix: Corregir Security
Pattern matches no results[2A[85G[1G[J[36m?[39m [1mInput test name pattern (RegExp)[22m ÔÇ║  add . && git commit -m "fix: Corregir Security
Pattern matches no results[2A[85G[1G[J[36m?[39m [1mInput test name pattern (RegExp)[22m ÔÇ║  add . && git commit -m "fix: Corregir Security
Pattern matches no results[2A[85G[1G[J[36m?[39m [1mInput test name pattern (RegExp)[22m ÔÇ║  add . && git commit -m "fix: Corregir Security
Pattern matches no results[2A[85G[1G[J[36m?[39m [1mInput test name pattern (RegExp)[22m ÔÇ║  add . && git commit -m "fix: Corregir Security
Pattern matches no results[2A[85G[1G[J[36m?[39m [1mInput test name pattern (RegExp)[22m ÔÇ║  add . && git commit -m "fix: Corregir Security
Pattern matches no results[2A[85G[1G[J[36m?[39m [1mInput test name pattern (RegExp)[22m ÔÇ║  add . && git commit -m "fix: Corregir Security
Pattern matches no results[2A[85G[1G[J[36m?[39m [1mInput test name pattern (RegExp)[22m ÔÇ║  add . && git commit -m "fix: Corregir Security
Pattern matches no results[2A[85G[1G[J[36m?[39m [1mInput test name pattern (RegExp)[22m ÔÇ║  add . && git commit -m "fix: Corregir Security
Pattern matches no results[2A[85G[1G[J[36m?[39m [1mInput test name pattern (RegExp)[22m ÔÇ║  add . && git commit -m "fix: Corregir Security
Pattern matches no results[2A[85G[1G[J[36m?[39m [1mInput test name pattern (RegExp)[22m ÔÇ║  add . && git commit -m "fix: Corregir Security
Pattern matches no results[2A[85G[1G[J[36m?[39m [1mInput test name pattern (RegExp)[22m ÔÇ║  add . && git commit -m "fix: Corregir Security
Pattern matches no results[2A[85G[1G[J[36m?[39m [1mInput test name pattern (RegExp)[22m ÔÇ║  add . && git commit -m "fix: Corregir Security
Pattern matches no results[2A[85G[1G[J[36m?[39m [1mInput test name pattern (RegExp)[22m ÔÇ║  add . && git commit -m "fix: Corregir Security
Pattern matches no results[2A[85G[1G[J[36m?[39m [1mInput test name pattern (RegExp)[22m ÔÇ║  add . && git commit -m "fix: Corregir Security
Pattern matches no results[2A[85G[1G[J[36m?[39m [1mInput test name pattern (RegExp)[22m ÔÇ║  add . && git commit -m "fix: Corregir Security
Pattern matches no results[2A[85G[1G[J[36m?[39m [1mInput test name pattern (RegExp)[22m ÔÇ║  add . && git commit -m "fix: Corregir Security
Pattern matches no results[2A[85G[1G[J[36m?[39m [1mInput test name pattern (RegExp)[22m ÔÇ║  add . && git commit -m "fix: Corregir Security
Pattern matches no results[2A[85G[1G[J[36m?[39m [1mInput test name pattern (RegExp)[22m ÔÇ║  add . && git commit -m "fix: Corregir Security
Pattern matches no results[2A[85G[1G[J[36m?[39m [1mInput test name pattern (RegExp)[22m ÔÇ║  add . && git commit -m "fix: Corregir Security
Pattern matches no results[2A[85G[1G[J[36m?[39m [1mInput test name pattern (RegExp)[22m ÔÇ║  add . && git commit -m "fix: Corregir Security
Pattern matches no results[2A[85G[1G[J[36m?[39m [1mInput test name pattern (RegExp)[22m ÔÇ║  add . && git commit -m "fix: Corregir Security
Pattern matches no results[2A[85G[1G[J[36m?[39m [1mInput test name pattern (RegExp)[22m ÔÇ║  add . && git commit -m "fix: Corregir Security
Pattern matches no results[2A[85G[1G[J[36m?[39m [1mInput test name pattern (RegExp)[22m ÔÇ║  add . && git commit -m "fix: Corregir Security
Pattern matches no results[2A[85G[1G[J[36m?[39m [1mInput test name pattern (RegExp)[22m ÔÇ║  add . && git commit -m "fix: Corregir Security
Pattern matches no results[2A[85G[1G[J[36m?[39m [1mInput test name pattern (RegExp)[22m ÔÇ║  add . && git commit -m "fix: Corregir Security
Pattern matches no results[2A[85G[1G[J[36m?[39m [1mInput test name pattern (RegExp)[22m ÔÇ║  add . && git commit -m "fix: Corregir Security
Pattern matches no results[2A[85G[1G[J[36m?[39m [1mInput test name pattern (RegExp)[22m ÔÇ║  add . && git commit -m "fix: Corregir Security
Pattern matches no results[2A[85G[1G[J[36m?[39m [1mInput test name pattern (RegExp)[22m ÔÇ║  add . && git commit -m "fix: Corregir Security
Pattern matches no results[2A[85G[1G[J[36m?[39m [1mInput test name pattern (RegExp)[22m ÔÇ║  add . && git commit -m "fix: Corregir Security
Pattern matches no results[2A[85G[1G[J[36m?[39m [1mInput test name pattern (RegExp)[22m ÔÇ║  add . && git commit -m "fix: Corregir Security
Pattern matches no results[2A[85G[1G[J[36m?[39m [1mInput test name pattern (RegExp)[22m ÔÇ║  add . && git commit -m "fix: Corregir Security
Pattern matches no results[2A[85G[1G[J[36m?[39m [1mInput test name pattern (RegExp)[22m ÔÇ║  add . && git commit -m "fix: Corregir Security
Pattern matches no results[2A[85G[1G[J[36m?[39m [1mInput test name pattern (RegExp)[22m ÔÇ║  add . && git commit -m "fix: Corregir Security
Pattern matches no results[2A[85G[1G[J[36m?[39m [1mInput test name pattern (RegExp)[22m ÔÇ║  add . && git commit -m "fix: Corregir Security
Pattern matches no results[2A[85G[1G[J[36m?[39m [1mInput test name pattern (RegExp)[22m ÔÇ║  add . && git commit -m "fix: Corregir Security
Pattern matches no results[2A[85G[1G[J[36m?[39m [1mInput test name pattern (RegExp)[22m ÔÇ║  add . && git commit -m "fix: Corregir Security
Pattern matches no results[2A[85G[1G[J[36m?[39m [1mInput test name pattern (RegExp)[22m ÔÇ║  add . && git commit -m "fix: Corregir Security
Pattern matches no results[2A[85G[1G[J[36m?[39m [1mInput test name pattern (RegExp)[22m ÔÇ║  add . && git commit -m "fix: Corregir SecurityAuditService - a├▒adir import Tables y corregir pro
Pattern matches no results[2A[135G[1G[J[36m?[39m [1mInput test name pattern (RegExp)[22m ÔÇ║  add . && git commit -m "fix: Corregir SecurityAuditService - a├▒adir import Tables y corregir pro
Pattern matches no results[2A[135G[1G[J[36m?[39m [1mInput test name pattern (RegExp)[22m ÔÇ║  add . && git commit -m "fix: Corregir SecurityAuditService - a├▒adir import Tables y corregir pro
Pattern matches no results[2A[135G[1G[J[36m?[39m [1mInput test name pattern (RegExp)[22m ÔÇ║  add . && git commit -m "fix: Corregir SecurityAuditService - a├▒adir import Tables y corregir pro
Pattern matches no results[2A[135G[1G[J[36m?[39m [1mInput test name pattern (RegExp)[22m ÔÇ║  add . && git commit -m "fix: Corregir SecurityAuditService - a├▒adir import Tables y corregir pro
Pattern matches no results[2A[135G[1G[J[36m?[39m [1mInput test name pattern (RegExp)[22m ÔÇ║  add . && git commit -m "fix: Corregir SecurityAuditService - a├▒adir import Tables y corregir pro
Pattern matches no results[2A[135G[1G[J[36m?[39m [1mInput test name pattern (RegExp)[22m ÔÇ║  add . && git commit -m "fix: Corregir SecurityAuditService - a├▒adir import Tables y corregir pro
Pattern matches no results[2A[135G[1G[J[36m?[39m [1mInput test name pattern (RegExp)[22m ÔÇ║  add . && git commit -m "fix: Corregir SecurityAuditService - a├▒adir import Tables y corregir pro
Pattern matches no results[2A[135G[1G[J[36m?[39m [1mInput test name pattern (RegExp)[22m ÔÇ║  add . && git commit -m "fix: Corregir SecurityAuditService - a├▒adir import Tables y corregir pro
Pattern matches no results[2A[135G[1G[J[36m?[39m [1mInput test name pattern (RegExp)[22m ÔÇ║  add . && git commit -m "fix: Corregir SecurityAuditService - a├▒adir import Tables y corregir pro
Pattern matches no results[2A[135G[1G[J[36m?[39m [1mInput test name pattern (RegExp)[22m ÔÇ║  add . && git commit -m "fix: Corregir SecurityAuditService - a├▒adir import Tables y corregir pro
Pattern matches no results[2A[135G[1G[J[36m?[39m [1mInput test name pattern (RegExp)[22m ÔÇ║  add . && git commit -m "fix: Corregir SecurityAuditService - a├▒adir import Tables y corregir pro
Pattern matches no results[2A[135G[1G[J[36m?[39m [1mInput test name pattern (RegExp)[22m ÔÇ║  add . && git commit -m "fix: Corregir SecurityAuditService - a├▒adir import Tables y corregir pro
Pattern matches no results[2A[135G[1G[J[36m?[39m [1mInput test name pattern (RegExp)[22m ÔÇ║  add . && git commit -m "fix: Corregir SecurityAuditService - a├▒adir import Tables y corregir pro
Pattern matches no results[2A[135G[1G[J[36m?[39m [1mInput test name pattern (RegExp)[22m ÔÇ║  add . && git commit -m "fix: Corregir SecurityAuditService - a├▒adir import Tables y corregir pro
Pattern matches no results[2A[135G[1G[J[36m?[39m [1mInput test name pattern (RegExp)[22m ÔÇ║  add . && git commit -m "fix: Corregir SecurityAuditService - a├▒adir import Tables y corregir pro
Pattern matches no results[2A[135G[1G[J[36m?[39m [1mInput test name pattern (RegExp)[22m ÔÇ║  add . && git commit -m "fix: Corregir SecurityAuditService - a├▒adir import Tables y corregir pro
Pattern matches no results[2A[135G[1G[J[36m?[39m [1mInput test name pattern (RegExp)[22m ÔÇ║  add . && git commit -m "fix: Corregir SecurityAuditService - a├▒adir import Tables y corregir pro
Pattern matches no results[2A[135G[1G[J[36m?[39m [1mInput test name pattern (RegExp)[22m ÔÇ║  add . && git commit -m "fix: Corregir SecurityAuditService - a├▒adir import Tables y corregir pro
Pattern matches no results[2A[135G[1G[J[36m?[39m [1mInput test name pattern (RegExp)[22m ÔÇ║  add . && git commit -m "fix: Corregir SecurityAuditService - a├▒adir import Tables y corregir pro
Pattern matches no results[2A[135G[1G[J[36m?[39m [1mInput test name pattern (RegExp)[22m ÔÇ║  add . && git commit -m "fix: Corregir SecurityAuditService - a├▒adir import Tables y corregir pro
Pattern matches no results[2A[135G[1G[J[36m?[39m [1mInput test name pattern (RegExp)[22m ÔÇ║  add . && git commit -m "fix: Corregir SecurityAuditService - a├▒adir import Tables y corregir pro
Pattern matches no results[2A[135G[1G[J[36m?[39m [1mInput test name pattern (RegExp)[22m ÔÇ║  add . && git commit -m "fix: Corregir SecurityAuditService - a├▒adir import Tables y corregir pro
Pattern matches no results[2A[135G[1G[J[36m?[39m [1mInput test name pattern (RegExp)[22m ÔÇ║  add . && git commit -m "fix: Corregir SecurityAuditService - a├▒adir import Tables y corregir pro
Pattern matches no results[2A[135G[1G[J[36m?[39m [1mInput test name pattern (RegExp)[22m ÔÇ║  add . && git commit -m "fix: Corregir SecurityAuditService - a├▒adir import Tables y corregir pro
Pattern matches no results[2A[135G[1G[J[36m?[39m [1mInput test name pattern (RegExp)[22m ÔÇ║  add . && git commit -m "fix: Corregir SecurityAuditService - a├▒adir import Tables y corregir pro
Pattern matches no results[2A[135G[1G[J[36m?[39m [1mInput test name pattern (RegExp)[22m ÔÇ║  add . && git commit -m "fix: Corregir SecurityAuditService - a├▒adir import Tables y corregir pro
Pattern matches no results[2A[135G[1G[J[36m?[39m [1mInput test name pattern (RegExp)[22m ÔÇ║  add . && git commit -m "fix: Corregir SecurityAuditService - a├▒adir import Tables y corregir pro
Pattern matches no results[2A[135G[1G[J[36m?[39m [1mInput test name pattern (RegExp)[22m ÔÇ║  add . && git commit -m "fix: Corregir SecurityAuditService - a├▒adir import Tables y corregir pro
Pattern matches no results[2A[135G[1G[J[36m?[39m [1mInput test name pattern (RegExp)[22m ÔÇ║  add . && git commit -m "fix: Corregir SecurityAuditService - a├▒adir import Tables y corregir pro
Pattern matches no results[2A[135G[1G[J[36m?[39m [1mInput test name pattern (RegExp)[22m ÔÇ║  add . && git commit -m "fix: Corregir SecurityAuditService - a├▒adir import Tables y corregir pro
Pattern matches no results[2A[135G[1G[J[36m?[39m [1mInput test name pattern (RegExp)[22m ÔÇ║  add . && git commit -m "fix: Corregir SecurityAuditService - a├▒adir import Tables y corregir pro
Pattern matches no results[2A[135G[1G[J[36m?[39m [1mInput test name pattern (RegExp)[22m ÔÇ║  add . && git commit -m "fix: Corregir SecurityAuditService - a├▒adir import Tables y corregir pro
Pattern matches no results[2A[135G[1G[J[36m?[39m [1mInput test name pattern (RegExp)[22m ÔÇ║  add . && git commit -m "fix: Corregir SecurityAuditService - a├▒adir import Tables y corregir pro
Pattern matches no results[2A[135G[1G[J[36m?[39m [1mInput test name pattern (RegExp)[22m ÔÇ║  add . && git commit -m "fix: Corregir SecurityAuditService - a├▒adir import Tables y corregir pro
Pattern matches no results[2A[135G[1G[J[36m?[39m [1mInput test name pattern (RegExp)[22m ÔÇ║  add . && git commit -m "fix: Corregir SecurityAuditService - a├▒adir import Tables y corregir pro
Pattern matches no results[2A[135G[1G[J[36m?[39m [1mInput test name pattern (RegExp)[22m ÔÇ║  add . && git commit -m "fix: Corregir SecurityAuditService - a├▒adir import Tables y corregir pro
Pattern matches no results[2A[135G[1G[J[36m?[39m [1mInput test name pattern (RegExp)[22m ÔÇ║  add . && git commit -m "fix: Corregir SecurityAuditService - a├▒adir import Tables y corregir pro
Pattern matches no results[2A[135G[1G[J[36m?[39m [1mInput test name pattern (RegExp)[22m ÔÇ║  add . && git commit -m "fix: Corregir SecurityAuditService - a├▒adir import Tables y corregir pro
Pattern matches no results[2A[135G[1G[J[36m?[39m [1mInput test name pattern (RegExp)[22m ÔÇ║  add . && git commit -m "fix: Corregir SecurityAuditService - a├▒adir import Tables y corregir pro
Pattern matches no results[2A[135G[1G[J[36m?[39m [1mInput test name pattern (RegExp)[22m ÔÇ║  add . && git commit -m "fix: Corregir SecurityAuditService - a├▒adir import Tables y corregir pro
Pattern matches no results[2A[135G[1G[J[36m?[39m [1mInput test name pattern (RegExp)[22m ÔÇ║  add . && git commit -m "fix: Corregir SecurityAuditService - a├▒adir import Tables y corregir pro
Pattern matches no results[2A[135G[1G[J[36m?[39m [1mInput test name pattern (RegExp)[22m ÔÇ║  add . && git commit -m "fix: Corregir SecurityAuditService - a├▒adir import Tables y corregir pro
Pattern matches no results[2A[135G[1G[J[36m?[39m [1mInput test name pattern (RegExp)[22m ÔÇ║  add . && git commit -m "fix: Corregir SecurityAuditService - a├▒adir import Tables y corregir pro
Pattern matches no results[2A[135G[1G[J[36m?[39m [1mInput test name pattern (RegExp)[22m ÔÇ║  add . && git commit -m "fix: Corregir SecurityAuditService - a├▒adir import Tables y corregir pro
Pattern matches no results[2A[135G[1G[J[36m?[39m [1mInput test name pattern (RegExp)[22m ÔÇ║  add . && git commit -m "fix: Corregir SecurityAuditService - a├▒adir import Tables y corregir pro
Pattern matches no results[2A[135G[1G[J[36m?[39m [1mInput test name pattern (RegExp)[22m ÔÇ║  add . && git commit -m "fix: Corregir SecurityAuditService - a├▒adir import Tables y corregir pro
Pattern matches no results[2A[135G[1G[J[36m?[39m [1mInput test name pattern (RegExp)[22m ÔÇ║  add . && git commit -m "fix: Corregir SecurityAuditService - a├▒adir import Tables y corregir pro
Pattern matches no results[2A[135G[1G[J[36m?[39m [1mInput test name pattern (RegExp)[22m ÔÇ║  add . && git commit -m "fix: Corregir SecurityAuditService - a├▒adir import Tables y corregir pro
Pattern matches no results[2A[135G[1G[J[36m?[39m [1mInput test name pattern (RegExp)[22m ÔÇ║  add . && git commit -m "fix: Corregir SecurityAuditService - a├▒adir import Tables y corregir pro
Pattern matches no results[2A[135G[1G[J[36m?[39m [1mInput test name pattern (RegExp)[22m ÔÇ║ 
Please input filter pattern[1A[38G[1G[J[36m?[39m [1mInput test name pattern (RegExp)[22m ÔÇ║ 
Please input filter pattern[1A[38G[1G[J[36m?[39m [1mInput test name pattern (RegExp)[22m ÔÇ║ 
Please input filter pattern[1A[38G[1G[J[36m?[39m [1mInput test name pattern (RegExp)[22m ÔÇ║ - A├▒adir import de Datab
Pattern matches no results[1A[62G[1G[J[36m?[39m [1mInput test name pattern (RegExp)[22m ÔÇ║ - A├▒adir import de Datab
Pattern matches no results[1A[62G[1G[J[36m?[39m [1mInput test name pattern (RegExp)[22m ÔÇ║ - A├▒adir import de Datab
Pattern matches no results[1A[62G[1G[J[36m?[39m [1mInput test name pattern (RegExp)[22m ÔÇ║ - A├▒adir import de Datab
Pattern matches no results[1A[62G[1G[J[36m?[39m [1mInput test name pattern (RegExp)[22m ÔÇ║ - A├▒adir import de Datab
Pattern matches no results[1A[62G[1G[J[36m?[39m [1mInput test name pattern (RegExp)[22m ÔÇ║ - A├▒adir import de Datab
Pattern matches no results[1A[62G[1G[J[36m?[39m [1mInput test name pattern (RegExp)[22m ÔÇ║ - A├▒adir import de Datab
Pattern matches no results[1A[62G[1G[J[36m?[39m [1mInput test name pattern (RegExp)[22m ÔÇ║ - A├▒adir import de Datab
Pattern matches no results[1A[62G[1G[J[36m?[39m [1mInput test name pattern (RegExp)[22m ÔÇ║ - A├▒adir import de Datab
Pattern matches no results[1A[62G[1G[J[36m?[39m [1mInput test name pattern (RegExp)[22m ÔÇ║ - A├▒adir import de Datab
Pattern matches no results[1A[62G[1G[J[36m?[39m [1mInput test name pattern (RegExp)[22m ÔÇ║ - A├▒adir import de Datab
Pattern matches no results[1A[62G[1G[J[36m?[39m [1mInput test name pattern (RegExp)[22m ÔÇ║ - A├▒adir import de Datab
Pattern matches no results[1A[62G[1G[J[36m?[39m [1mInput test name pattern (RegExp)[22m ÔÇ║ - A├▒adir import de Datab
Pattern matches no results[1A[62G[1G[J[36m?[39m [1mInput test name pattern (RegExp)[22m ÔÇ║ - A├▒adir import de Datab
Pattern matches no results[1A[62G[1G[J[36m?[39m [1mInput test name pattern (RegExp)[22m ÔÇ║ - A├▒adir import de Datab
Pattern matches no results[1A[62G[1G[J[36m?[39m [1mInput test name pattern (RegExp)[22m ÔÇ║ - A├▒adir import de Datab
Pattern matches no results[1A[62G[1G[J[36m?[39m [1mInput test name pattern (RegExp)[22m ÔÇ║ - A├▒adir import de Datab
Pattern matches no results[1A[62G[1G[J[36m?[39m [1mInput test name pattern (RegExp)[22m ÔÇ║ - A├▒adir import de Datab
Pattern matches no results[1A[62G[1G[J[36m?[39m [1mInput test name pattern (RegExp)[22m ÔÇ║ - A├▒adir import de Datab
Pattern matches no results[1A[62G[1G[J[36m?[39m [1mInput test name pattern (RegExp)[22m ÔÇ║ - A├▒adir import de Datab
Pattern matches no results[1A[62G[1G[J[36m?[39m [1mInput test name pattern (RegExp)[22m ÔÇ║ - A├▒adir import de Datab
Pattern matches no results[1A[62G[1G[J[36m?[39m [1mInput test name pattern (RegExp)[22m ÔÇ║ - A├▒adir import de Datab
Pattern matches no results[1A[62G[1G[J[36m?[39m [1mInput test name pattern (RegExp)[22m ÔÇ║ - A├▒adir import de Datab
Pattern matches no results[1A[62G[1G[J[36m?[39m [1mInput test name pattern (RegExp)[22m ÔÇ║ - A├▒adir import de Datab
Pattern matches 1 result
[2m ÔÇ║ should get real-time metrics[22m[2A[62G[1G[J[36m?[39m [1mInput test name pattern (RegExp)[22m ÔÇ║ - A├▒adir import de Datab
Pattern matches no results[1A[62G[1G[J[36m?[39m [1mInput test name pattern (RegExp)[22m ÔÇ║ - A├▒adir import de Datab
Pattern matches no results[1A[62G[1G[J[36m?[39m [1mInput test name pattern (RegExp)[22m ÔÇ║ - A├▒adir import de Datab
Pattern matches no results[1A[62G[1G[J[36m?[39m [1mInput test name pattern (RegExp)[22m ÔÇ║ - A├▒adir import de Datab
Pattern matches no results[1A[62G[1G[J[36m?[39m [1mInput test name pattern (RegExp)[22m ÔÇ║ - A├▒adir import de Datab
Pattern matches no results[1A[62G[1G[J[36m?[39m [1mInput test name pattern (RegExp)[22m ÔÇ║ - A├▒adir import de Datab
Pattern matches no results[1A[62G[1G[J[36m?[39m [1mInput test name pattern (RegExp)[22m ÔÇ║ - A├▒adir import de Datab
Pattern matches no results[1A[62G[1G[J[36m?[39m [1mInput test name pattern (RegExp)[22m ÔÇ║ - A├▒adir import de Datab
Pattern matches no results[1A[62G[1G[J[36m?[39m [1mInput test name pattern (RegExp)[22m ÔÇ║ - A├▒adir import de Datab
Pattern matches no results[1A[62G[1G[J[36m?[39m [1mInput test name pattern (RegExp)[22m ÔÇ║ - A├▒adir import de Datab
Pattern matches no results[1A[62G[1G[J[36m?[39m [1mInput test name pattern (RegExp)[22m ÔÇ║ - A├▒adir import de Datab
Pattern matches no results[1A[62G[1G[J[36m?[39m [1mInput test name pattern (RegExp)[22m ÔÇ║ - A├▒adir import de Datab
Pattern matches no results[1A[62G[1G[J[36m?[39m [1mInput test name pattern (RegExp)[22m ÔÇ║ - A├▒adir import de Datab
Pattern matches no results[1A[62G[1G[J[36m?[39m [1mInput test name pattern (RegExp)[22m ÔÇ║ - A├▒adir import de Datab
Pattern matches no results[1A[62G[1G[J[36m?[39m [1mInput test name pattern (RegExp)[22m ÔÇ║ - A├▒adir import de Datab
Pattern matches no results[1A[62G[1G[J[36m?[39m [1mInput test name pattern (RegExp)[22m ÔÇ║ - A├▒adir import de Datab
Pattern matches no results[1A[62G[1G[J[36m?[39m [1mInput test name pattern (RegExp)[22m ÔÇ║ - A├▒adir import de Datab
Pattern matches no results[1A[62G[1G[J[36m?[39m [1mInput test name pattern (RegExp)[22m ÔÇ║ - A├▒adir import de Datab
Pattern matches no results[1A[62G[1G[J[36m?[39m [1mInput test name pattern (RegExp)[22m ÔÇ║ - A├▒adir import de Datab
Pattern matches no results[1A[62G[1G[J[36m?[39m [1mInput test name pattern (RegExp)[22m ÔÇ║ - A├▒adir import de Datab
Pattern matches no results[1A[62G[1G[J[36m?[39m [1mInput test name pattern (RegExp)[22m ÔÇ║ - A├▒adir import de Datab
Pattern matches no results[1A[62G[1G[J[36m?[39m [1mInput test name pattern (RegExp)[22m ÔÇ║ - A├▒adir import de Datab
Pattern matches no results[1A[62G[1G[J[36m?[39m [1mInput test name pattern (RegExp)[22m ÔÇ║ - A├▒adir import de Datab
Pattern matches no results[1A[62Gc[3J[1m[44m RERUN [49m[22m [34m[2mchange pattern [22m[39m
       [2m Test name pattern: [22m[34m/add . && git commit -m "fix: Corregir SecurityAuditService - a├▒adir import Tables y corregir propiedades/[39m

[31mNo test files found. You can change the file name pattern by pressing "p"
[39m
[1m[41m CANCELLED [49m[22m [31mTest run cancelled. Watching for file changes...[39m
       [2mpress [22m[1mh[22m[2m to show help[22m[2m, [22m[2mpress [22m[1mq[22m[2m to quit[22m
include: src/tests/unit/**/*.{test,spec}.{js,mjs,cjs,ts,mts,cts,jsx,tsx}
exclude:  src/tests/e2e/**/*, tests/e2e/**/*, node_modules/**/*

[36m?[39m [1mInput filename pattern[22m ÔÇ║ [1G[J[36m?[39m [1mInput filename pattern[22m ÔÇ║ iedades en logSecurityEvent (eliminar resolved du
Pattern matches 21 results
[2m ÔÇ║ src/tests/unit/androidSecurity.test.ts[22m
[2m ÔÇ║ src/tests/unit/auth.test.ts[22m
[2m ÔÇ║ src/tests/unit/emailService.test.ts[22m
[2m ÔÇ║ src/tests/unit/invitations.test.ts[22m
[2m ÔÇ║ src/tests/unit/localStorage-migration.test.ts[22m
[2m ÔÇ║ src/tests/unit/matching.test.ts[22m
[2m ÔÇ║ src/tests/unit/mobile.test.ts[22m
[2m ÔÇ║ src/tests/unit/performance.test.ts[22m
[2m ÔÇ║ src/tests/unit/PerformanceMonitoringService.test.ts[22m
[2m ÔÇ║ src/tests/unit/profile-cache.test.ts[22m
[2m   ...and 11 more results[22m[12A[77G[1G[J[36m?[39m [1mInput filename pattern[22m ÔÇ║ iedades en logSecurityEvent (eliminar resolved du
Pattern matches no results[1A[77G[1G[J[36m?[39m [1mInput filename pattern[22m ÔÇ║ iedades en logSecurityEvent (eliminar resolved du
Pattern matches no results[1A[77G[1G[J[36m?[39m [1mInput filename pattern[22m ÔÇ║ iedades en logSecurityEvent (eliminar resolved du
Pattern matches no results[1A[77G[1G[J[36m?[39m [1mInput filename pattern[22m ÔÇ║ iedades en logSecurityEvent (eliminar resolved du
Pattern matches no results[1A[77G[1G[J[36m?[39m [1mInput filename pattern[22m ÔÇ║ iedades en logSecurityEvent (eliminar resolved du
Pattern matches no results[1A[77G[1G[J[36m?[39m [1mInput filename pattern[22m ÔÇ║ iedades en logSecurityEvent (eliminar resolved du
Pattern matches no results[1A[77G[1G[J[36m?[39m [1mInput filename pattern[22m ÔÇ║ iedades en logSecurityEvent (eliminar resolved du
Pattern matches no results[1A[77G[1G[J[36m?[39m [1mInput filename pattern[22m ÔÇ║ iedades en logSecurityEvent (eliminar resolved du
Pattern matches no results[1A[77G[1G[J[36m?[39m [1mInput filename pattern[22m ÔÇ║ iedades en logSecurityEvent (eliminar resolved du
Pattern matches no results[1A[77G[1G[J[36m?[39m [1mInput filename pattern[22m ÔÇ║ iedades en logSecurityEvent (eliminar resolved du
Pattern matches no results[1A[77G[1G[J[36m?[39m [1mInput filename pattern[22m ÔÇ║ iedades en logSecurityEvent (eliminar resolved du
Pattern matches no results[1A[77G[1G[J[36m?[39m [1mInput filename pattern[22m ÔÇ║ iedades en logSecurityEvent (eliminar resolved du
Pattern matches no results[1A[77G[1G[J[36m?[39m [1mInput filename pattern[22m ÔÇ║ iedades en logSecurityEvent (eliminar resolved du
Pattern matches no results[1A[77G[1G[J[36m?[39m [1mInput filename pattern[22m ÔÇ║ iedades en logSecurityEvent (eliminar resolved du
Pattern matches no results[1A[77G[1G[J[36m?[39m [1mInput filename pattern[22m ÔÇ║ iedades en logSecurityEvent (eliminar resolved du
Pattern matches no results[1A[77G[1G[J[36m?[39m [1mInput filename pattern[22m ÔÇ║ iedades en logSecurityEvent (eliminar resolved du
Pattern matches no results[1A[77G[1G[J[36m?[39m [1mInput filename pattern[22m ÔÇ║ iedades en logSecurityEvent (eliminar resolved du
Pattern matches no results[1A[77G[1G[J[36m?[39m [1mInput filename pattern[22m ÔÇ║ iedades en logSecurityEvent (eliminar resolved du
Pattern matches no results[1A[77G[1G[J[36m?[39m [1mInput filename pattern[22m ÔÇ║ iedades en logSecurityEvent (eliminar resolved du
Pattern matches no results[1A[77G[1G[J[36m?[39m [1mInput filename pattern[22m ÔÇ║ iedades en logSecurityEvent (eliminar resolved du
Pattern matches no results[1A[77G[1G[J[36m?[39m [1mInput filename pattern[22m ÔÇ║ iedades en logSecurityEvent (eliminar resolved du
Pattern matches no results[1A[77G[1G[J[36m?[39m [1mInput filename pattern[22m ÔÇ║ iedades en logSecurityEvent (eliminar resolved du
Pattern matches no results[1A[77G[1G[J[36m?[39m [1mInput filename pattern[22m ÔÇ║ iedades en logSecurityEvent (eliminar resolved du
Pattern matches no results[1A[77G[1G[J[36m?[39m [1mInput filename pattern[22m ÔÇ║ iedades en logSecurityEvent (eliminar resolved du
Pattern matches no results[1A[77G[1G[J[36m?[39m [1mInput filename pattern[22m ÔÇ║ iedades en logSecurityEvent (eliminar resolved du
Pattern matches no results[1A[77G[1G[J[36m?[39m [1mInput filename pattern[22m ÔÇ║ iedades en logSecurityEvent (eliminar resolved du
Pattern matches no results[1A[77G[1G[J[36m?[39m [1mInput filename pattern[22m ÔÇ║ iedades en logSecurityEvent (eliminar resolved du
Pattern matches no results[1A[77G[1G[J[36m?[39m [1mInput filename pattern[22m ÔÇ║ iedades en logSecurityEvent (eliminar resolved du
Pattern matches no results[1A[77G[1G[J[36m?[39m [1mInput filename pattern[22m ÔÇ║ iedades en logSecurityEvent (eliminar resolved du
Pattern matches no results[1A[77G[1G[J[36m?[39m [1mInput filename pattern[22m ÔÇ║ iedades en logSecurityEvent (eliminar resolved du
Pattern matches no results[1A[77G[1G[J[36m?[39m [1mInput filename pattern[22m ÔÇ║ iedades en logSecurityEvent (eliminar resolved du
Pattern matches no results[1A[77G[1G[J[36m?[39m [1mInput filename pattern[22m ÔÇ║ iedades en logSecurityEvent (eliminar resolved du
Pattern matches no results[1A[77G[1G[J[36m?[39m [1mInput filename pattern[22m ÔÇ║ iedades en logSecurityEvent (eliminar resolved du
Pattern matches no results[1A[77G[1G[J[36m?[39m [1mInput filename pattern[22m ÔÇ║ iedades en logSecurityEvent (eliminar resolved du
Pattern matches no results[1A[77G[1G[J[36m?[39m [1mInput filename pattern[22m ÔÇ║ iedades en logSecurityEvent (eliminar resolved du
Pattern matches no results[1A[77G[1G[J[36m?[39m [1mInput filename pattern[22m ÔÇ║ iedades en logSecurityEvent (eliminar resolved du
Pattern matches no results[1A[77G[1G[J[36m?[39m [1mInput filename pattern[22m ÔÇ║ iedades en logSecurityEvent (eliminar resolved du
Pattern matches no results[1A[77G[1G[J[36m?[39m [1mInput filename pattern[22m ÔÇ║ iedades en logSecurityEvent (eliminar resolved du
Pattern matches no results[1A[77G[1G[J[36m?[39m [1mInput filename pattern[22m ÔÇ║ iedades en logSecurityEvent (eliminar resolved du
Pattern matches no results[1A[77G[1G[J[36m?[39m [1mInput filename pattern[22m ÔÇ║ iedades en logSecurityEvent (eliminar resolved du
Pattern matches no results[1A[77G[1G[J[36m?[39m [1mInput filename pattern[22m ÔÇ║ iedades en logSecurityEvent (eliminar resolved du
Pattern matches no results[1A[77G[1G[J[36m?[39m [1mInput filename pattern[22m ÔÇ║ iedades en logSecurityEvent (eliminar resolved du
Pattern matches no results[1A[77G[1G[J[36m?[39m [1mInput filename pattern[22m ÔÇ║ iedades en logSecurityEvent (eliminar resolved du
Pattern matches no results[1A[77G[1G[J[36m?[39m [1mInput filename pattern[22m ÔÇ║ iedades en logSecurityEvent (eliminar resolved du
Pattern matches no results[1A[77G[1G[J[36m?[39m [1mInput filename pattern[22m ÔÇ║ iedades en logSecurityEvent (eliminar resolved du
Pattern matches no results[1A[77G[1G[J[36m?[39m [1mInput filename pattern[22m ÔÇ║ iedades en logSecurityEvent (eliminar resolved du
Pattern matches no results[1A[77G[1G[J[36m?[39m [1mInput filename pattern[22m ÔÇ║ iedades en logSecurityEvent (eliminar resolved du
Pattern matches no results[1A[77G[1G[J[36m?[39m [1mInput filename pattern[22m ÔÇ║ iedades en logSecurityEvent (eliminar resolved du
Pattern matches no results[1A[77G[1G[J[36m?[39m [1mInput filename pattern[22m ÔÇ║ 
Please input filter pattern[1A[28G[1G[J[36m?[39m [1mInput filename pattern[22m ÔÇ║ - Cambiar consulta de .group() a .rpc() p
Pattern matches no results[1A[69G[1G[J[36m?[39m [1mInput filename pattern[22m ÔÇ║ - Cambiar consulta de .group() a .rpc() p
Pattern matches no results[1A[69G[1G[J[36m?[39m [1mInput filename pattern[22m ÔÇ║ - Cambiar consulta de .group() a .rpc() p
Pattern matches no results[1A[69G[1G[J[36m?[39m [1mInput filename pattern[22m ÔÇ║ - Cambiar consulta de .group() a .rpc() p
Pattern matches no results[1A[69G[1G[J[36m?[39m [1mInput filename pattern[22m ÔÇ║ - Cambiar consulta de .group() a .rpc() p
Pattern matches no results[1A[69G[1G[J[36m?[39m [1mInput filename pattern[22m ÔÇ║ - Cambiar consulta de .group() a .rpc() p
Pattern matches no results[1A[69G[1G[J[36m?[39m [1mInput filename pattern[22m ÔÇ║ - Cambiar consulta de .group() a .rpc() p
Pattern matches no results[1A[69G[1G[J[36m?[39m [1mInput filename pattern[22m ÔÇ║ - Cambiar consulta de .group() a .rpc() p
Pattern matches no results[1A[69Gc[3J[1m[44m RERUN [49m[22m [34m[2mchange filename pattern [22m[39m
       [2m Filename pattern: [22m[34miedades en logSecurityEvent (eliminar resolved duplicado)[39m
       [2m Test name pattern: [22m[34m/add . && git commit -m "fix: Corregir SecurityAuditService - a├▒adir import Tables y corregir propiedades/[39m

[1G[J[36m?[39m [1mInput filename pattern[22m ÔÇ║ - Cambiar consulta de .group() a .rpc() p
Pattern matches 4 results
[2m ÔÇ║ src/tests/unit/localStorage-migration.test.ts[22m
[2m ÔÇ║ src/tests/unit/profile-cache.test.ts[22m
[2m ÔÇ║ src/tests/unit/realtime-chat.test.ts[22m
[2m ÔÇ║ src/tests/unit/zod-validation.test.ts[22m[5A[69G[1G[J[36m?[39m [1mInput filename pattern[22m ÔÇ║ - Cambiar consulta de .group() a .rpc() p
Pattern matches no results[1A[69G[1G[J[36m?[39m [1mInput filename pattern[22m ÔÇ║ - Cambiar consulta de .group() a .rpc() p
Pattern matches no results[1A[69G[1G[J[36m?[39m [1mInput filename pattern[22m ÔÇ║ - Cambiar consulta de .group() a .rpc() p
Pattern matches no results[1A[69G[1G[J[36m?[39m [1mInput filename pattern[22m ÔÇ║ - Cambiar consulta de .group() a .rpc() p
Pattern matches no results[1A[69G[1G[J[36m?[39m [1mInput filename pattern[22m ÔÇ║ - Cambiar consulta de .group() a .rpc() p
Pattern matches no results[1A[69G[1G[J[36m?[39m [1mInput filename pattern[22m ÔÇ║ - Cambiar consulta de .group() a .rpc() p
Pattern matches no results[1A[69G[1G[J[36m?[39m [1mInput filename pattern[22m ÔÇ║ - Cambiar consulta de .group() a .rpc() p
Pattern matches no results[1A[69G[1G[J[36m?[39m [1mInput filename pattern[22m ÔÇ║ - Cambiar consulta de .group() a .rpc() p
Pattern matches no results[1A[69G[1G[J[36m?[39m [1mInput filename pattern[22m ÔÇ║ - Cambiar consulta de .group() a .rpc() p
Pattern matches no results[1A[69G[1G[J[36m?[39m [1mInput filename pattern[22m ÔÇ║ - Cambiar consulta de .group() a .rpc() p
Pattern matches no results[1A[69G[1G[J[36m?[39m [1mInput filename pattern[22m ÔÇ║ - Cambiar consulta de .group() a .rpc() p
Pattern matches no results[1A[69G[1G[J[36m?[39m [1mInput filename pattern[22m ÔÇ║ - Cambiar consulta de .group() a .rpc() p
Pattern matches no results[1A[69G[1G[J[36m?[39m [1mInput filename pattern[22m ÔÇ║ - Cambiar consulta de .group() a .rpc() p
Pattern matches no results[1A[69G[1G[J[36m?[39m [1mInput filename pattern[22m ÔÇ║ - Cambiar consulta de .group() a .rpc() p
Pattern matches no results[1A[69G[1G[J[36m?[39m [1mInput filename pattern[22m ÔÇ║ - Cambiar consulta de .group() a .rpc() p
Pattern matches no results[1A[69G[1G[J[36m?[39m [1mInput filename pattern[22m ÔÇ║ - Cambiar consulta de .group() a .rpc() p
Pattern matches no results[1A[69G[1G[J[36m?[39m [1mInput filename pattern[22m ÔÇ║ - Cambiar consulta de .group() a .rpc() p
Pattern matches no results[1A[69G[1G[J[36m?[39m [1mInput filename pattern[22m ÔÇ║ - Cambiar consulta de .group() a .rpc() p
Pattern matches no results[1A[69G[1G[J[36m?[39m [1mInput filename pattern[22m ÔÇ║ - Cambiar consulta de .group() a .rpc() p
Pattern matches no results[1A[69G[1G[J[36m?[39m [1mInput filename pattern[22m ÔÇ║ - Cambiar consulta de .group() a .rpc() p
Pattern matches no results[1A[69G[1G[J[36m?[39m [1mInput filename pattern[22m ÔÇ║ - Cambiar consulta de .group() a .rpc() p
Pattern matches no results[1A[69G[1G[J[36m?[39m [1mInput filename pattern[22m ÔÇ║ - Cambiar consulta de .group() a .rpc() p
Pattern matches no results[1A[69G[1G[J[36m?[39m [1mInput filename pattern[22m ÔÇ║ - Cambiar consulta de .group() a .rpc() p
Pattern matches no results[1A[69G[1G[J[36m?[39m [1mInput filename pattern[22m ÔÇ║ - Cambiar consulta de .group() a .rpc() p
Pattern matches no results[1A[69G[1G[J[36m?[39m [1mInput filename pattern[22m ÔÇ║ - Cambiar consulta de .group() a .rpc() p
Pattern matches no results[1A[69G[1G[J[36m?[39m [1mInput filename pattern[22m ÔÇ║ - Cambiar consulta de .group() a .rpc() p
Pattern matches no results[1A[69G[1G[J[36m?[39m [1mInput filename pattern[22m ÔÇ║ - Cambiar consulta de .group() a .rpc() p
Pattern matches no results[1A[69G[1G[J[36m?[39m [1mInput filename pattern[22m ÔÇ║ - Cambiar consulta de .group() a .rpc() p
Pattern matches no results[1A[69G[1G[J[36m?[39m [1mInput filename pattern[22m ÔÇ║ - Cambiar consulta de .group() a .rpc() p
Pattern matches no results[1A[69G[1G[J[36m?[39m [1mInput filename pattern[22m ÔÇ║ - Cambiar consulta de .group() a .rpc() p
Pattern matches no results[1A[69G[1G[J[36m?[39m [1mInput filename pattern[22m ÔÇ║ - Cambiar consulta de .group() a .rpc() p
Pattern matches no results[1A[69G[1G[J[36m?[39m [1mInput filename pattern[22m ÔÇ║ - Cambiar consulta de .group() a .rpc() p
Pattern matches no results[1A[69G[1G[J[36m?[39m [1mInput filename pattern[22m ÔÇ║ - Cambiar consulta de .group() a .rpc() p
Pattern matches no results[1A[69G[1G[J[36m?[39m [1mInput filename pattern[22m ÔÇ║ - Cambiar consulta de .group() a .rpc() p
Pattern matches no results[1A[69G[1G[J[36m?[39m [1mInput filename pattern[22m ÔÇ║ - Cambiar consulta de .group() a .rpc() p
Pattern matches no results[1A[69G[1G[J[36m?[39m [1mInput filename pattern[22m ÔÇ║ - Cambiar consulta de .group() a .rpc() p
Pattern matches no results[1A[69G[1G[J[36m?[39m [1mInput filename pattern[22m ÔÇ║ - Cambiar consulta de .group() a .rpc() p
Pattern matches no results[1A[69G[1G[J[36m?[39m [1mInput filename pattern[22m ÔÇ║ - Cambiar consulta de .group() a .rpc() p
Pattern matches no results[1A[69G[1G[J[36m?[39m [1mInput filename pattern[22m ÔÇ║ - Cambiar consulta de .group() a .rpc() p
Pattern matches no results[1A[69G[1G[J[36m?[39m [1mInput filename pattern[22m ÔÇ║ - Cambiar consulta de .group() a .rpc() p
Pattern matches no results[1A[69G[31mNo test files found. You can change the file name pattern by pressing "p"
[39m
filter: iedades en logSecurityEvent (eliminar resolved duplicado)
include: src/tests/unit/**/*.{test,spec}.{js,mjs,cjs,ts,mts,cts,jsx,tsx}
exclude:  src/tests/e2e/**/*, tests/e2e/**/*, node_modules/**/*

[1m[41m CANCELLED [49m[22m [31mTest run cancelled. Watching for file changes...[39m
       [2mpress [22m[1mh[22m[2m to show help[22m[2m, [22m[2mpress [22m[1mq[22m[2m to quit[22m
[36m?[39m [1mInput test name pattern (RegExp)[22m ÔÇ║ [1G[J[36m?[39m [1mInput test name pattern (RegExp)[22m ÔÇ║ 
Please input filter pattern[1A[38G[1G[J[36m?[39m [1mInput test name pattern (RegExp)[22m ÔÇ║ 
Please input filter pattern[1A[38G[1G[J[36m?[39m [1mInput test name pattern (RegExp)[22m ÔÇ║ 
Please input filter pattern[1A[38G[1G[J[36m?[39m [1mInput test name pattern (RegExp)[22m ÔÇ║ 
Please input filter pattern[1A[38G[1G[J[36m?[39m [1mInput test name pattern (RegExp)[22m ÔÇ║ 
Please input filter pattern[1A[38G[1G[J[36m?[39m [1mInput test name pattern (RegExp)[22m ÔÇ║ 
Please input filter pattern[1A[38G[1G[J[36m?[39m [1mInput test name pattern (RegExp)[22m ÔÇ║ 
Please input filter pattern[1A[38G[1G[J[36m?[39m [1mInput test name pattern (RegExp)[22m ÔÇ║ 
Please input filter pattern[1A[38G[1G[J[36m?[39m [1mInput test name pattern (RegExp)[22m ÔÇ║ 
Please input filter pattern[1A[38G[1G[J[36m?[39m [1mInput test name pattern (RegExp)[22m ÔÇ║ 
Please input filter pattern[1A[38G[1G[J[36m?[39m [1mInput test name pattern (RegExp)[22m ÔÇ║ 
Please input filter pattern[1A[38G[1G[J[36m?[39m [1mInput test name pattern (RegExp)[22m ÔÇ║ 
Please input filter pattern[1A[38G[1G[J[36m?[39m [1mInput test name pattern (RegExp)[22m ÔÇ║ 
Please input filter pattern[1A[38G[1G[J[36m?[39m [1mInput test name pattern (RegExp)[22m ÔÇ║ 
Please input filter pattern[1A[38G[1G[J[36m?[39m [1mInput test name pattern (RegExp)[22m ÔÇ║ 
Please input filter pattern[1A[38Gc[3J[1m[44m RERUN [49m[22m 
       [2m Filename pattern: [22m[34miedades en logSecurityEvent (eliminar resolved duplicado)[39m
       [2m Test name pattern: [22m[34m/yAuditService"/[39m

c[3J[1m[44m RERUN [49m[22m [34m[2mupdate snapshot [22m[39m
       [2m Filename pattern: [22m[34miedades en logSecurityEvent (eliminar resolved duplicado)[39m
       [2m Test name pattern: [22m[34m/yAuditService"/[39m

c[3J[1m[44m RERUN [49m[22m 
       [2m Filename pattern: [22m[34miedades en logSecurityEvent (eliminar resolved duplicado)[39m
       [2m Test name pattern: [22m[34m/yAuditService"/[39m

c[3J[1m[44m RERUN [49m[22m [34m[2mchange pattern [22m[39m
       [2m Filename pattern: [22m[34miedades en logSecurityEvent (eliminar resolved duplicado)[39m
       [2m Test name pattern: [22m[34m/yAuditService"/[39m

[31mNo test files found. You can change the file name pattern by pressing "p"
[39m
filter: iedades en logSecurityEvent (eliminar resolved duplicado)
include: src/tests/unit/**/*.{test,spec}.{js,mjs,cjs,ts,mts,cts,jsx,tsx}
exclude:  src/tests/e2e/**/*, tests/e2e/**/*, node_modules/**/*

[1m[42m PASS [49m[22m [32mWaiting for file changes...[39m
       [2mpress [22m[1mh[22m[2m to show help[22m[2m, [22m[2mpress [22m[1mq[22m[2m to quit[22m
[31mNo test files found. You can change the file name pattern by pressing "p"
[39m
filter: iedades en logSecurityEvent (eliminar resolved duplicado)
include: src/tests/unit/**/*.{test,spec}.{js,mjs,cjs,ts,mts,cts,jsx,tsx}
exclude:  src/tests/e2e/**/*, tests/e2e/**/*, node_modules/**/*

[1m[42m PASS [49m[22m [32mWaiting for file changes...[39m
       [2mpress [22m[1mh[22m[2m to show help[22m[2m, [22m[2mpress [22m[1mq[22m[2m to quit[22m
[31mNo test files found. You can change the file name pattern by pressing "p"
[39m
filter: iedades en logSecurityEvent (eliminar resolved duplicado)
include: src/tests/unit/**/*.{test,spec}.{js,mjs,cjs,ts,mts,cts,jsx,tsx}
exclude:  src/tests/e2e/**/*, tests/e2e/**/*, node_modules/**/*

[1m[42m PASS [49m[22m [32mWaiting for file changes...[39m
       [2mpress [22m[1mh[22m[2m to show help[22m[2m, [22m[2mpress [22m[1mq[22m[2m to quit[22m
[31mNo test files found. You can change the file name pattern by pressing "p"
[39m
filter: iedades en logSecurityEvent (eliminar resolved duplicado)
include: src/tests/unit/**/*.{test,spec}.{js,mjs,cjs,ts,mts,cts,jsx,tsx}
exclude:  src/tests/e2e/**/*, tests/e2e/**/*, node_modules/**/*

[1m[42m PASS [49m[22m [32mWaiting for file changes...[39m
       [2mpress [22m[1mh[22m[2m to show help[22m[2m, [22m[2mpress [22m[1mq[22m[2m to quit[22m
c[3J[1m[44m RERUN [49m[22m [34m[2mrerun all tests [22m[39m

